03/10/25 15:08:24 <RapidFire>: BatchThread: Created New Data Directory: M:\Projects\Default\Data\Rapidfire/2025/March/10/003
03/10/25 15:08:24 <RapidFire>: BatchThread: ColumnChanger Version 6.1.1.22114
03/10/25 15:08:24 <RapidFire>: BatchThread: LogServer Version 6.1.1.22114
03/10/25 15:08:24 <RapidFire>: BatchThread: PlateHandler Version 6.1.1.22114
03/10/25 15:08:24 <RapidFire>: BatchThread: Pump1 Version 6.1.1.22114
03/10/25 15:08:24 <RapidFire>: BatchThread: Pump2 Version 6.1.1.22114
03/10/25 15:08:24 <RapidFire>: BatchThread: Pump3 Version 6.1.1.22114
03/10/25 15:08:24 <RapidFire>: BatchThread: Pump4 Version 6.1.1.22114
03/10/25 15:08:24 <RapidFire>: BatchThread: RFMassHunterC Version 6.1.1.22114
03/10/25 15:08:24 <RapidFire>: BatchThread: RapidFire Version 6.1.1.22114
03/10/25 15:08:24 <RapidFire>: BatchThread: SampleInterface Version 6.1.1.22114
03/10/25 15:08:24 <RapidFire>: BatchThread: Sipper Version 6.1.1.22114
03/10/25 15:08:24 <RapidFire>: BatchThread: WashValve Version 6.1.1.22114
03/10/25 15:08:24 <RapidFire>: BatchThread: Column Changer Present
03/10/25 15:08:24 <RFMassHunterC>:Connect Rem server trying IP 192.168.254.2
03/10/25 15:08:24 <RFMassHunterC>:connection established to remote server
03/10/25 15:08:24 <RapidFire>: RFMassHunterS:Task: Connection established between RapidFire Instrument and MassHunter Computer
03/10/25 15:08:24 <RapidFire>: RFMassHunterS:Task: ConnectRemServerOp success
03/10/25 15:08:25 <RFMassHunterC>:Connect Mass Spec trying IP 192.168.254.2
03/10/25 15:08:25 <RFMassHunterC>:connection established to mass spec
03/10/25 15:08:25 <RapidFire>: RFMassHunterS:Task: Run ConnectMassSpec
03/10/25 15:08:25 <RapidFire>: RFMassHunterS:Task: engine state 0 = STARTED
03/10/25 15:08:25 <RapidFire>: RFMassHunterS:Task: engine state 1 = STARTED
03/10/25 15:08:25 <RapidFire>: RFMassHunterS:Task: engine state 2 = STARTED
03/10/25 15:08:25 <RapidFire>: RFMassHunterS:Task: Calling m_worklistAutomation.Connect()...
03/10/25 15:08:26 <RapidFire>: RFMassHunterS:Task: MSQTOF_1 detected
03/10/25 15:08:26 <RapidFire>: RFMassHunterS:Task: ConnectMassSpecOp success
03/10/25 15:08:27 <WashValve>: set_position
03/10/25 15:08:27 <RapidFire>: BatchThread: setting wash valve
03/10/25 15:08:27 <WashValve>: set_position
03/10/25 15:08:27 <RapidFire>: BatchThread: finished column changer homing
03/10/25 15:08:27 <Pump1>:turn on Pump1
03/10/25 15:08:27 <Pump2>:turn on Pump2
03/10/25 15:08:27 <Pump3>:turn on Pump3
03/10/25 15:08:27 <Pump4>: turn_on :  pump on
03/10/25 15:08:27 <RapidFire>: BatchThread: turn pumps on, set flow rate
03/10/25 15:08:27 <Pump1>:turn_on : setting on/off = 1
03/10/25 15:08:27 <Pump2>:turn_on : setting on/off = 1
03/10/25 15:08:27 <Pump3>:turn_on : setting on/off = 1
03/10/25 15:08:27 <Pump1>:set_cmd_flow_rate : setting flow rate = 1.5
03/10/25 15:08:27 <Pump2>:set_cmd_flow_rate : setting flow rate = 1.25
03/10/25 15:08:27 <Pump3>:set_cmd_flow_rate : setting flow rate = 1.25
03/10/25 15:08:27 <Pump1>:AgilentPump1200Task :turn on
03/10/25 15:08:27 <Pump3>:AgilentPump1200Task :turn on
03/10/25 15:08:27 <Pump2>:AgilentPump1200Task :turn on
03/10/25 15:08:29 <RapidFire>: BatchThread: all pumps are on
03/10/25 15:08:47 <RapidFire>: BatchThread: Batch Data Directories :  ../DATA/2025/March/10/003 M:\Projects\Default\Data\Rapidfire/2025/March/10/003
03/10/25 15:08:47 <RapidFire>: BatchThread: Batch Mode SEQUENCES
03/10/25 15:08:47 <RapidFire>: BatchThread: RapidFire / MAssHunter TOF Synchronization enabled
03/10/25 15:08:48 <RapidFire>: BatchThread: process_plates() :  Waiting for user to hit run
03/10/25 15:08:48 <RapidFire>: BatchThread: Set Status to PAUSED
03/10/25 15:08:49 <RapidFire>: BatchThread: Set Status to RUNNING
03/10/25 15:08:49 <RapidFire>: BatchThread: Starting Sipping with Plate name = Positive
03/10/25 15:08:49 <RapidFire>: BatchThread: Begin sequence 1 on plate Positive
03/10/25 15:08:49 <RapidFire>: BatchThread:   ( 1000, 2)  ( 1000, 2)  ( 1000, 2)  ( 1000, 2)  ( 1000, 2)  ( 1000, 2)  ( 1000, 2)  ( 1000, 3)  ( 2, 9)  ( 4, 4)  ( 6, 10)  ( 1, 5)  ( 2, 12)  ( 4, 8)  ( 1000, 3)  ( 1000, 2)  ( 1000, 2)  ( 1000, 2)  ( 
03/10/25 15:08:49 <RapidFire>: BatchThread:   ( 7, 12)  ( 3, 12)  ( 1000, 3)  ( 1000, 2)  ( 1000, 2)  ( 1000, 2)  ( 1000, 3)  ( 3, 10)  ( 8, 1)  ( 1, 9)  ( 2, 11)  ( 6, 3)  ( 4, 10)  ( 1000, 3)  ( 1000, 2)  ( 1000, 2)  ( 1000, 2)  ( 1000, 3)  ( 4, 
03/10/25 15:08:49 <RapidFire>: BatchThread:   ( 1000, 3)  ( 1000, 2)  ( 1000, 2)  ( 1000, 2)  ( 1000, 3)  ( 2, 1)  ( 7, 11)  ( 2, 3)  ( 6, 7)  ( 7, 6)  ( 8, 2)  ( 1000, 3)  ( 1000, 2)  ( 1000, 2)  ( 1000, 2)  ( 1000, 3)  ( 6, 6)  ( 6, 8)  ( 4, 1)  
03/10/25 15:08:49 <RapidFire>: BatchThread:   ( 1000, 2)  ( 1000, 2)  ( 1000, 3)  ( 3, 2)  ( 2, 6)  ( 4, 5)  ( 8, 10)  ( 4, 9)  ( 8, 5)  ( 1000, 3)  ( 1000, 2)  ( 1000, 2)  ( 1000, 2)  ( 1000, 3)  ( 7, 4)  ( 6, 2)  ( 2, 10)  ( 8, 4)  ( 4, 12)  ( 5,
03/10/25 15:08:49 <RapidFire>: BatchThread:   ( 1000, 3)  ( 7, 2)  ( 8, 9)  ( 5, 9)  ( 3, 9)  ( 3, 5)  ( 5, 1)  ( 1000, 3)  ( 1000, 2)  ( 1000, 2)  ( 1000, 2)  ( 1000, 3)  ( 8, 12)  ( 1, 7)  ( 7, 5)  ( 1, 4)  ( 7, 9)  ( 1, 12)  ( 1000, 3)  ( 1000, 
03/10/25 15:08:49 <RapidFire>: BatchThread:   ( 6, 5)  ( 2, 8)  ( 5, 7)  ( 8, 7)  ( 5, 10)  ( 1000, 3)  ( 1000, 2)  ( 1000, 2)  ( 1000, 2)  ( 1000, 3)  ( 6, 11)  ( 7, 7)  ( 3, 1)  ( 4, 6)  ( 3, 6)  ( 1, 8)  ( 1000, 3)  ( 1000, 2)  ( 1000, 2)  ( 100
03/10/25 15:08:49 <RapidFire>: BatchThread:   ( 5, 8)  ( 1, 6)  ( 5, 11)  ( 1000, 3)  ( 1000, 2)  ( 1000, 2)  ( 1000, 2)  ( 1000, 3)  ( 6, 12)  ( 1, 1)  ( 1000, 3)  ( 1000, 2)  ( 1000, 2)  ( 1000, 2)  ( 1000, 2)  ( 1000, 2)
03/10/25 15:08:49 <Pump1>:set_composition : B = 100%, C = 0%, D = 0%
03/10/25 15:08:49 <Pump2>:set_composition : B = 100%, C = 0%, D = 0%
03/10/25 15:08:49 <Pump3>:set_composition : B = 100%, C = 0%, D = 0%
03/10/25 15:08:49 <Pump4>: turn_on :  pump on
03/10/25 15:08:49 <RapidFire>: BatchThread: turn pumps on, set flow rate
03/10/25 15:08:49 <Pump1>:turn on Pump1
03/10/25 15:08:49 <Pump3>:turn on Pump3
03/10/25 15:08:49 <Pump2>:turn on Pump2
03/10/25 15:08:49 <Pump1>:turn_on : setting on/off = 1
03/10/25 15:08:49 <Pump3>:turn_on : setting on/off = 1
03/10/25 15:08:49 <Pump2>:turn_on : setting on/off = 1
03/10/25 15:08:49 <Pump1>:set_cmd_flow_rate : setting flow rate = 1.25
03/10/25 15:08:49 <Pump3>:set_cmd_flow_rate : setting flow rate = 1.25
03/10/25 15:08:49 <Pump2>:set_cmd_flow_rate : setting flow rate = 0.01
03/10/25 15:08:49 <RapidFire>: RFMassHunterS:Task: Run AddSampleToWorkList
03/10/25 15:08:49 <RapidFire>: BatchThread: all pumps are on
03/10/25 15:08:49 <RapidFire>: RFMassHunterS:Task: Data path : D:\Projects\Default\Data\RapidFire\2025\March\10\003
03/10/25 15:08:49 <RapidFire>: RFMassHunterS:Task: AddSampleToWorkList
03/10/25 15:08:49 <RapidFire>: RFMassHunterS:Task: NewWorkList : Worklist Loaded...
03/10/25 15:08:49 <Pump2>:AgilentPump1200Task :turn on
03/10/25 15:08:49 <Pump1>:AgilentPump1200Task :turn on
03/10/25 15:08:49 <Pump3>:AgilentPump1200Task :turn on
03/10/25 15:08:51 <RapidFire>: BatchThread: pump mixing initiated
03/10/25 15:08:51 <RapidFire>: BatchThread: pump mixing complete
03/10/25 15:08:51 <RapidFire>: BatchThread: START start_ms_data_acquisition
03/10/25 15:08:51 <RapidFire>: BatchThread: wait_mass_spec: 3 (max wait 600 sec)
03/10/25 15:08:51 <RapidFire>: RFMassHunterS:Task: Run RunWorkList
03/10/25 15:08:53 <RapidFire>: RFMassHunterS:Task: run worklist Operation started...
03/10/25 15:08:56 <RapidFire>: RFMassHunterS:Task: OnWorklistRunStarted
03/10/25 15:08:56 <RapidFire>: RFMassHunterS:Task: OnWorklistJobStarted
03/10/25 15:08:58 <RapidFire>: RFMassHunterS:Task: NotifyChangedMS loc = REG[ACTUAL].OBJ[1].NDR[RUNSTATE] value = 8
03/10/25 15:09:00 <RapidFire>: RFMassHunterS:Task: NotifyChangedMS loc = REG[ACTUAL].OBJ[1].NDR[RUNSTATE] value = 7
03/10/25 15:09:07 <RapidFire>: RFMassHunterS:Task: NotifyChangedMS loc = REG[ACTUAL].OBJ[1].NDR[RUNSTATE] value = 10
03/10/25 15:09:07 <RapidFire>: BatchThread: END start_ms_data_acquisition
03/10/25 15:09:07 <RapidFire>: BatchThread: process_well()  ( 1000, 2)
03/10/25 15:09:08 <Sipper>: SipperTask CHECKING SIP SENSOR
03/10/25 15:09:09 <Sipper>: SipperTask SIP SENSOR 0 , 1.171
03/10/25 15:09:09 <Sipper>: SipperTask SIP SENSOR SEES SAMPLE, t = 0.205
03/10/25 15:09:16 <RapidFire>: BatchThread: process_well()  ( 1000, 2)
03/10/25 15:09:22 <Sipper>: SipperTask CHECKING SIP SENSOR
03/10/25 15:09:23 <Sipper>: SipperTask SIP SENSOR 0 , 1.171
03/10/25 15:09:24 <Sipper>: SipperTask SIP SENSOR SEES SAMPLE, t = 0.254
03/10/25 15:09:30 <RapidFire>: BatchThread: process_well()  ( 1000, 2)
03/10/25 15:09:36 <Sipper>: SipperTask CHECKING SIP SENSOR
03/10/25 15:09:37 <Sipper>: SipperTask SIP SENSOR 0 , 1.176
03/10/25 15:09:38 <Sipper>: SipperTask SIP SENSOR SEES SAMPLE, t = 0.204
03/10/25 15:09:44 <RapidFire>: BatchThread: process_well()  ( 1000, 2)
03/10/25 15:09:50 <Sipper>: SipperTask CHECKING SIP SENSOR
03/10/25 15:09:52 <Sipper>: SipperTask SIP SENSOR 0 , 1.174
03/10/25 15:09:52 <Sipper>: SipperTask SIP SENSOR SEES SAMPLE, t = 0.262
03/10/25 15:09:58 <RapidFire>: BatchThread: process_well()  ( 1000, 2)
03/10/25 15:10:05 <Sipper>: SipperTask CHECKING SIP SENSOR
03/10/25 15:10:06 <Sipper>: SipperTask SIP SENSOR 0 , 1.160
03/10/25 15:10:06 <Sipper>: SipperTask SIP SENSOR SEES SAMPLE, t = 0.271
03/10/25 15:10:12 <RapidFire>: BatchThread: process_well()  ( 1000, 2)
03/10/25 15:10:19 <Sipper>: SipperTask CHECKING SIP SENSOR
03/10/25 15:10:20 <Sipper>: SipperTask SIP SENSOR 0 , 1.172
03/10/25 15:10:20 <Sipper>: SipperTask SIP SENSOR SEES SAMPLE, t = 0.271
03/10/25 15:10:27 <RapidFire>: BatchThread: process_well()  ( 1000, 2)
03/10/25 15:10:33 <Sipper>: SipperTask CHECKING SIP SENSOR
03/10/25 15:10:34 <Sipper>: SipperTask SIP SENSOR 0 , 1.175
03/10/25 15:10:34 <Sipper>: SipperTask SIP SENSOR SEES SAMPLE, t = 0.257
03/10/25 15:10:41 <RapidFire>: BatchThread: process_well()  ( 1000, 3)
03/10/25 15:10:47 <Sipper>: SipperTask CHECKING SIP SENSOR
03/10/25 15:10:48 <Sipper>: SipperTask SIP SENSOR 0 , 1.142
03/10/25 15:10:49 <Sipper>: SipperTask SIP SENSOR SEES SAMPLE, t = 0.397
03/10/25 15:10:55 <RapidFire>: BatchThread: process_well()  ( 2, 9)
03/10/25 15:11:01 <Sipper>: SipperTask CHECKING SIP SENSOR
03/10/25 15:11:02 <Sipper>: SipperTask SIP SENSOR 0 , 0.811
03/10/25 15:11:03 <Sipper>: SipperTask SIP SENSOR SEES SAMPLE, t = 0.557
03/10/25 15:11:08 <RapidFire>: BatchThread: process_well()  ( 4, 4)
03/10/25 15:11:15 <Sipper>: SipperTask CHECKING SIP SENSOR
03/10/25 15:11:16 <Sipper>: SipperTask SIP SENSOR 0 , 0.812
03/10/25 15:11:17 <Sipper>: SipperTask SIP SENSOR SEES SAMPLE, t = 0.572
03/10/25 15:11:23 <RapidFire>: BatchThread: process_well()  ( 6, 10)
03/10/25 15:11:30 <Sipper>: SipperTask CHECKING SIP SENSOR
03/10/25 15:11:30 <Sipper>: SipperTask SIP SENSOR 0 , 0.811
03/10/25 15:11:31 <Sipper>: SipperTask SIP SENSOR SEES SAMPLE, t = 0.578
03/10/25 15:11:37 <RapidFire>: BatchThread: process_well()  ( 1, 5)
03/10/25 15:11:44 <Sipper>: SipperTask CHECKING SIP SENSOR
03/10/25 15:11:44 <Sipper>: SipperTask SIP SENSOR 0 , 0.812
03/10/25 15:11:45 <Sipper>: SipperTask NEVER SAW SIP SENSOR OUTPUT, t = 0.600
03/10/25 15:11:51 <RapidFire>: BatchThread: process_well()  ( 2, 12)
03/10/25 15:11:58 <Sipper>: SipperTask CHECKING SIP SENSOR
03/10/25 15:11:59 <Sipper>: SipperTask SIP SENSOR 0 , 0.811
03/10/25 15:11:59 <Sipper>: SipperTask SIP SENSOR SEES SAMPLE, t = 0.542
03/10/25 15:12:05 <RapidFire>: BatchThread: process_well()  ( 4, 8)
03/10/25 15:12:12 <Sipper>: SipperTask CHECKING SIP SENSOR
03/10/25 15:12:13 <Sipper>: SipperTask SIP SENSOR 0 , 0.812
03/10/25 15:12:13 <Sipper>: SipperTask SIP SENSOR SEES SAMPLE, t = 0.520
03/10/25 15:12:19 <RapidFire>: BatchThread: process_well()  ( 1000, 3)
03/10/25 15:12:26 <Sipper>: SipperTask CHECKING SIP SENSOR
03/10/25 15:12:27 <Sipper>: SipperTask SIP SENSOR 0 , 1.154
03/10/25 15:12:28 <Sipper>: SipperTask SIP SENSOR SEES SAMPLE, t = 0.427
03/10/25 15:12:34 <RapidFire>: BatchThread: process_well()  ( 1000, 2)
03/10/25 15:12:40 <Sipper>: SipperTask CHECKING SIP SENSOR
03/10/25 15:12:41 <Sipper>: SipperTask SIP SENSOR 0 , 1.170
03/10/25 15:12:42 <Sipper>: SipperTask SIP SENSOR SEES SAMPLE, t = 0.320
03/10/25 15:12:48 <RapidFire>: BatchThread: process_well()  ( 1000, 2)
03/10/25 15:12:54 <Sipper>: SipperTask CHECKING SIP SENSOR
03/10/25 15:12:56 <Sipper>: SipperTask SIP SENSOR 0 , 1.169
03/10/25 15:12:56 <Sipper>: SipperTask SIP SENSOR SEES SAMPLE, t = 0.226
03/10/25 15:13:02 <RapidFire>: BatchThread: process_well()  ( 1000, 2)
03/10/25 15:13:09 <Sipper>: SipperTask CHECKING SIP SENSOR
03/10/25 15:13:10 <Sipper>: SipperTask SIP SENSOR 0 , 1.172
03/10/25 15:13:10 <Sipper>: SipperTask SIP SENSOR SEES SAMPLE, t = 0.228
03/10/25 15:13:16 <RapidFire>: BatchThread: process_well()  ( 1000, 3)
03/10/25 15:13:23 <Sipper>: SipperTask CHECKING SIP SENSOR
03/10/25 15:13:24 <Sipper>: SipperTask SIP SENSOR 0 , 1.158
03/10/25 15:13:24 <Sipper>: SipperTask SIP SENSOR SEES SAMPLE, t = 0.396
03/10/25 15:13:30 <RapidFire>: BatchThread: process_well()  ( 5, 6)
03/10/25 15:13:37 <Sipper>: SipperTask CHECKING SIP SENSOR
03/10/25 15:13:38 <Sipper>: SipperTask SIP SENSOR 0 , 0.809
03/10/25 15:13:38 <Sipper>: SipperTask NEVER SAW SIP SENSOR OUTPUT, t = 0.601
03/10/25 15:13:44 <RapidFire>: BatchThread: process_well()  ( 3, 3)
03/10/25 15:13:51 <Sipper>: SipperTask CHECKING SIP SENSOR
03/10/25 15:13:52 <Sipper>: SipperTask SIP SENSOR 0 , 0.810
03/10/25 15:13:53 <Sipper>: SipperTask SIP SENSOR SEES SAMPLE, t = 0.576
03/10/25 15:13:58 <RapidFire>: BatchThread: process_well()  ( 8, 8)
03/10/25 15:14:05 <Sipper>: SipperTask CHECKING SIP SENSOR
03/10/25 15:14:06 <Sipper>: SipperTask SIP SENSOR 0 , 0.814
03/10/25 15:14:07 <Sipper>: SipperTask SIP SENSOR SEES SAMPLE, t = 0.522
03/10/25 15:14:13 <RapidFire>: BatchThread: process_well()  ( 7, 8)
03/10/25 15:14:19 <Sipper>: SipperTask CHECKING SIP SENSOR
03/10/25 15:14:20 <Sipper>: SipperTask SIP SENSOR 0 , 0.813
03/10/25 15:14:21 <Sipper>: SipperTask SIP SENSOR SEES SAMPLE, t = 0.468
03/10/25 15:14:26 <RapidFire>: BatchThread: process_well()  ( 7, 12)
03/10/25 15:14:33 <Sipper>: SipperTask CHECKING SIP SENSOR
03/10/25 15:14:34 <Sipper>: SipperTask SIP SENSOR 0 , 0.814
03/10/25 15:14:35 <Sipper>: SipperTask SIP SENSOR SEES SAMPLE, t = 0.485
03/10/25 15:14:41 <RapidFire>: BatchThread: process_well()  ( 3, 12)
03/10/25 15:14:47 <Sipper>: SipperTask CHECKING SIP SENSOR
03/10/25 15:14:48 <Sipper>: SipperTask SIP SENSOR 0 , 0.813
03/10/25 15:14:49 <Sipper>: SipperTask SIP SENSOR SEES SAMPLE, t = 0.517
03/10/25 15:14:54 <RapidFire>: BatchThread: process_well()  ( 1000, 3)
03/10/25 15:15:01 <Sipper>: SipperTask CHECKING SIP SENSOR
03/10/25 15:15:03 <Sipper>: SipperTask SIP SENSOR 0 , 1.154
03/10/25 15:15:03 <Sipper>: SipperTask SIP SENSOR SEES SAMPLE, t = 0.396
03/10/25 15:15:09 <RapidFire>: BatchThread: process_well()  ( 1000, 2)
03/10/25 15:15:16 <Sipper>: SipperTask CHECKING SIP SENSOR
03/10/25 15:15:17 <Sipper>: SipperTask SIP SENSOR 0 , 1.171
03/10/25 15:15:17 <Sipper>: SipperTask SIP SENSOR SEES SAMPLE, t = 0.287
03/10/25 15:15:24 <RapidFire>: BatchThread: process_well()  ( 1000, 2)
03/10/25 15:15:30 <Sipper>: SipperTask CHECKING SIP SENSOR
03/10/25 15:15:31 <Sipper>: SipperTask SIP SENSOR 0 , 1.172
03/10/25 15:15:31 <Sipper>: SipperTask SIP SENSOR SEES SAMPLE, t = 0.273
03/10/25 15:15:38 <RapidFire>: BatchThread: process_well()  ( 1000, 2)
03/10/25 15:15:44 <Sipper>: SipperTask CHECKING SIP SENSOR
03/10/25 15:15:45 <Sipper>: SipperTask SIP SENSOR 0 , 1.167
03/10/25 15:15:46 <Sipper>: SipperTask SIP SENSOR SEES SAMPLE, t = 0.286
03/10/25 15:15:52 <RapidFire>: BatchThread: process_well()  ( 1000, 3)
03/10/25 15:15:58 <Sipper>: SipperTask CHECKING SIP SENSOR
03/10/25 15:15:59 <Sipper>: SipperTask SIP SENSOR 0 , 1.139
03/10/25 15:16:00 <Sipper>: SipperTask SIP SENSOR SEES SAMPLE, t = 0.372
03/10/25 15:16:06 <RapidFire>: BatchThread: process_well()  ( 3, 10)
03/10/25 15:16:13 <Sipper>: SipperTask CHECKING SIP SENSOR
03/10/25 15:16:13 <Sipper>: SipperTask SIP SENSOR 0 , 0.812
03/10/25 15:16:14 <Sipper>: SipperTask SIP SENSOR SEES SAMPLE, t = 0.526
03/10/25 15:16:19 <RapidFire>: BatchThread: process_well()  ( 8, 1)
03/10/25 15:16:27 <Sipper>: SipperTask CHECKING SIP SENSOR
03/10/25 15:16:27 <Sipper>: SipperTask SIP SENSOR 0 , 0.812
03/10/25 15:16:28 <Sipper>: SipperTask SIP SENSOR SEES SAMPLE, t = 0.576
03/10/25 15:16:34 <RapidFire>: BatchThread: process_well()  ( 1, 9)
03/10/25 15:16:41 <Sipper>: SipperTask CHECKING SIP SENSOR
03/10/25 15:16:42 <Sipper>: SipperTask SIP SENSOR 0 , 0.816
03/10/25 15:16:42 <Sipper>: SipperTask SIP SENSOR SEES SAMPLE, t = 0.553
03/10/25 15:16:48 <RapidFire>: BatchThread: process_well()  ( 2, 11)
03/10/25 15:16:55 <Sipper>: SipperTask CHECKING SIP SENSOR
03/10/25 15:16:56 <Sipper>: SipperTask SIP SENSOR 0 , 0.814
03/10/25 15:16:56 <Sipper>: SipperTask SIP SENSOR SEES SAMPLE, t = 0.526
03/10/25 15:17:02 <RapidFire>: BatchThread: process_well()  ( 6, 3)
03/10/25 15:17:09 <Sipper>: SipperTask CHECKING SIP SENSOR
03/10/25 15:17:10 <Sipper>: SipperTask SIP SENSOR 0 , 0.811
03/10/25 15:17:10 <Sipper>: SipperTask NEVER SAW SIP SENSOR OUTPUT, t = 0.600
03/10/25 15:17:16 <RapidFire>: BatchThread: process_well()  ( 4, 10)
03/10/25 15:17:23 <Sipper>: SipperTask CHECKING SIP SENSOR
03/10/25 15:17:24 <Sipper>: SipperTask SIP SENSOR 0 , 0.810
03/10/25 15:17:24 <Sipper>: SipperTask SIP SENSOR SEES SAMPLE, t = 0.496
03/10/25 15:17:30 <RapidFire>: BatchThread: process_well()  ( 1000, 3)
03/10/25 15:17:37 <Sipper>: SipperTask CHECKING SIP SENSOR
03/10/25 15:17:38 <Sipper>: SipperTask SIP SENSOR 0 , 1.157
03/10/25 15:17:39 <Sipper>: SipperTask SIP SENSOR SEES SAMPLE, t = 0.393
03/10/25 15:17:45 <RapidFire>: BatchThread: process_well()  ( 1000, 2)
03/10/25 15:17:51 <Sipper>: SipperTask CHECKING SIP SENSOR
03/10/25 15:17:53 <Sipper>: SipperTask SIP SENSOR 0 , 1.168
03/10/25 15:17:53 <Sipper>: SipperTask SIP SENSOR SEES SAMPLE, t = 0.281
03/10/25 15:17:59 <RapidFire>: BatchThread: process_well()  ( 1000, 2)
03/10/25 15:18:06 <Sipper>: SipperTask CHECKING SIP SENSOR
03/10/25 15:18:07 <Sipper>: SipperTask SIP SENSOR 0 , 1.173
03/10/25 15:18:07 <Sipper>: SipperTask SIP SENSOR SEES SAMPLE, t = 0.293
03/10/25 15:18:13 <RapidFire>: BatchThread: process_well()  ( 1000, 2)
03/10/25 15:18:20 <Sipper>: SipperTask CHECKING SIP SENSOR
03/10/25 15:18:21 <Sipper>: SipperTask SIP SENSOR 0 , 1.162
03/10/25 15:18:21 <Sipper>: SipperTask SIP SENSOR SEES SAMPLE, t = 0.279
03/10/25 15:18:31 <RapidFire>: BatchThread: process_well()  ( 1000, 3)
03/10/25 15:18:34 <Sipper>: SipperTask CHECKING SIP SENSOR
03/10/25 15:18:35 <Sipper>: SipperTask SIP SENSOR 0 , 1.156
03/10/25 15:18:36 <Sipper>: SipperTask SIP SENSOR SEES SAMPLE, t = 0.383
03/10/25 15:18:42 <RapidFire>: BatchThread: process_well()  ( 4, 2)
03/10/25 15:18:48 <Sipper>: SipperTask CHECKING SIP SENSOR
03/10/25 15:18:49 <Sipper>: SipperTask SIP SENSOR 0 , 0.808
03/10/25 15:18:50 <Sipper>: SipperTask SIP SENSOR SEES SAMPLE, t = 0.528
03/10/25 15:18:56 <RapidFire>: BatchThread: process_well()  ( 5, 4)
03/10/25 15:19:02 <Sipper>: SipperTask CHECKING SIP SENSOR
03/10/25 15:19:03 <Sipper>: SipperTask SIP SENSOR 0 , 0.818
03/10/25 15:19:04 <Sipper>: SipperTask SIP SENSOR SEES SAMPLE, t = 0.564
03/10/25 15:19:10 <RapidFire>: BatchThread: process_well()  ( 8, 3)
03/10/25 15:19:16 <Sipper>: SipperTask CHECKING SIP SENSOR
03/10/25 15:19:17 <Sipper>: SipperTask SIP SENSOR 0 , 0.811
03/10/25 15:19:18 <Sipper>: SipperTask SIP SENSOR SEES SAMPLE, t = 0.522
03/10/25 15:19:24 <RapidFire>: BatchThread: process_well()  ( 1, 11)
03/10/25 15:19:31 <Sipper>: SipperTask CHECKING SIP SENSOR
03/10/25 15:19:31 <Sipper>: SipperTask SIP SENSOR 0 , 0.811
03/10/25 15:19:32 <Sipper>: SipperTask SIP SENSOR SEES SAMPLE, t = 0.524
03/10/25 15:19:37 <RapidFire>: BatchThread: process_well()  ( 7, 3)
03/10/25 15:19:45 <Sipper>: SipperTask CHECKING SIP SENSOR
03/10/25 15:19:45 <Sipper>: SipperTask SIP SENSOR 0 , 0.815
03/10/25 15:19:46 <Sipper>: SipperTask SIP SENSOR SEES SAMPLE, t = 0.522
03/10/25 15:19:52 <RapidFire>: BatchThread: process_well()  ( 5, 5)
03/10/25 15:19:59 <Sipper>: SipperTask CHECKING SIP SENSOR
03/10/25 15:19:59 <Sipper>: SipperTask SIP SENSOR 0 , 0.810
03/10/25 15:20:00 <Sipper>: SipperTask SIP SENSOR SEES SAMPLE, t = 0.547
03/10/25 15:20:06 <RapidFire>: BatchThread: process_well()  ( 1000, 3)
03/10/25 15:20:13 <Sipper>: SipperTask CHECKING SIP SENSOR
03/10/25 15:20:14 <Sipper>: SipperTask SIP SENSOR 0 , 1.144
03/10/25 15:20:14 <Sipper>: SipperTask SIP SENSOR SEES SAMPLE, t = 0.397
03/10/25 15:20:20 <RapidFire>: BatchThread: process_well()  ( 1000, 2)
03/10/25 15:20:27 <Sipper>: SipperTask CHECKING SIP SENSOR
03/10/25 15:20:28 <Sipper>: SipperTask SIP SENSOR 0 , 1.170
03/10/25 15:20:29 <Sipper>: SipperTask SIP SENSOR SEES SAMPLE, t = 0.284
03/10/25 15:20:35 <RapidFire>: BatchThread: process_well()  ( 1000, 2)
03/10/25 15:20:41 <Sipper>: SipperTask CHECKING SIP SENSOR
03/10/25 15:20:42 <Sipper>: SipperTask SIP SENSOR 0 , 1.168
03/10/25 15:20:43 <Sipper>: SipperTask SIP SENSOR SEES SAMPLE, t = 0.282
03/10/25 15:20:49 <RapidFire>: BatchThread: process_well()  ( 1000, 2)
03/10/25 15:20:55 <Sipper>: SipperTask CHECKING SIP SENSOR
03/10/25 15:20:57 <Sipper>: SipperTask SIP SENSOR 0 , 1.173
03/10/25 15:20:57 <Sipper>: SipperTask SIP SENSOR SEES SAMPLE, t = 0.254
03/10/25 15:21:03 <RapidFire>: BatchThread: process_well()  ( 1000, 3)
03/10/25 15:21:10 <Sipper>: SipperTask CHECKING SIP SENSOR
03/10/25 15:21:11 <Sipper>: SipperTask SIP SENSOR 0 , 1.138
03/10/25 15:21:11 <Sipper>: SipperTask SIP SENSOR SEES SAMPLE, t = 0.413
03/10/25 15:21:17 <RapidFire>: BatchThread: process_well()  ( 2, 1)
03/10/25 15:21:24 <Sipper>: SipperTask CHECKING SIP SENSOR
03/10/25 15:21:25 <Sipper>: SipperTask SIP SENSOR 0 , 0.810
03/10/25 15:21:25 <Sipper>: SipperTask SIP SENSOR SEES SAMPLE, t = 0.523
03/10/25 15:21:31 <RapidFire>: BatchThread: process_well()  ( 7, 11)
03/10/25 15:21:38 <Sipper>: SipperTask CHECKING SIP SENSOR
03/10/25 15:21:39 <Sipper>: SipperTask SIP SENSOR 0 , 0.812
03/10/25 15:21:39 <Sipper>: SipperTask SIP SENSOR SEES SAMPLE, t = 0.507
03/10/25 15:21:45 <RapidFire>: BatchThread: process_well()  ( 2, 3)
03/10/25 15:21:52 <Sipper>: SipperTask CHECKING SIP SENSOR
03/10/25 15:21:53 <Sipper>: SipperTask SIP SENSOR 0 , 0.814
03/10/25 15:21:53 <Sipper>: SipperTask SIP SENSOR SEES SAMPLE, t = 0.583
03/10/25 15:21:59 <RapidFire>: BatchThread: process_well()  ( 6, 7)
03/10/25 15:22:06 <Sipper>: SipperTask CHECKING SIP SENSOR
03/10/25 15:22:07 <Sipper>: SipperTask SIP SENSOR 0 , 0.812
03/10/25 15:22:08 <Sipper>: SipperTask SIP SENSOR SEES SAMPLE, t = 0.533
03/10/25 15:22:13 <RapidFire>: BatchThread: process_well()  ( 7, 6)
03/10/25 15:22:20 <Sipper>: SipperTask CHECKING SIP SENSOR
03/10/25 15:22:21 <Sipper>: SipperTask SIP SENSOR 0 , 0.814
03/10/25 15:22:22 <Sipper>: SipperTask SIP SENSOR SEES SAMPLE, t = 0.523
03/10/25 15:22:27 <RapidFire>: BatchThread: process_well()  ( 8, 2)
03/10/25 15:22:34 <Sipper>: SipperTask CHECKING SIP SENSOR
03/10/25 15:22:35 <Sipper>: SipperTask SIP SENSOR 0 , 0.812
03/10/25 15:22:36 <Sipper>: SipperTask SIP SENSOR SEES SAMPLE, t = 0.569
03/10/25 15:22:42 <RapidFire>: BatchThread: process_well()  ( 1000, 3)
03/10/25 15:22:48 <Sipper>: SipperTask CHECKING SIP SENSOR
03/10/25 15:22:50 <Sipper>: SipperTask SIP SENSOR 0 , 1.139
03/10/25 15:22:50 <Sipper>: SipperTask SIP SENSOR SEES SAMPLE, t = 0.431
03/10/25 15:22:56 <RapidFire>: BatchThread: process_well()  ( 1000, 2)
03/10/25 15:23:03 <Sipper>: SipperTask CHECKING SIP SENSOR
03/10/25 15:23:04 <Sipper>: SipperTask SIP SENSOR 0 , 1.174
03/10/25 15:23:04 <Sipper>: SipperTask SIP SENSOR SEES SAMPLE, t = 0.250
03/10/25 15:23:11 <RapidFire>: BatchThread: process_well()  ( 1000, 2)
03/10/25 15:23:17 <Sipper>: SipperTask CHECKING SIP SENSOR
03/10/25 15:23:18 <Sipper>: SipperTask SIP SENSOR 0 , 1.173
03/10/25 15:23:18 <Sipper>: SipperTask SIP SENSOR SEES SAMPLE, t = 0.280
03/10/25 15:23:25 <RapidFire>: BatchThread: process_well()  ( 1000, 2)
03/10/25 15:23:31 <Sipper>: SipperTask CHECKING SIP SENSOR
03/10/25 15:23:32 <Sipper>: SipperTask SIP SENSOR 0 , 1.168
03/10/25 15:23:33 <Sipper>: SipperTask SIP SENSOR SEES SAMPLE, t = 0.275
03/10/25 15:23:39 <RapidFire>: BatchThread: process_well()  ( 1000, 3)
03/10/25 15:23:45 <Sipper>: SipperTask CHECKING SIP SENSOR
03/10/25 15:23:46 <Sipper>: SipperTask SIP SENSOR 0 , 1.141
03/10/25 15:23:47 <Sipper>: SipperTask SIP SENSOR SEES SAMPLE, t = 0.420
03/10/25 15:23:53 <RapidFire>: BatchThread: process_well()  ( 6, 6)
03/10/25 15:24:00 <Sipper>: SipperTask CHECKING SIP SENSOR
03/10/25 15:24:00 <Sipper>: SipperTask SIP SENSOR 0 , 0.813
03/10/25 15:24:01 <Sipper>: SipperTask SIP SENSOR SEES SAMPLE, t = 0.526
03/10/25 15:24:07 <RapidFire>: BatchThread: process_well()  ( 6, 8)
03/10/25 15:24:14 <Sipper>: SipperTask CHECKING SIP SENSOR
03/10/25 15:24:15 <Sipper>: SipperTask SIP SENSOR 0 , 0.812
03/10/25 15:24:15 <Sipper>: SipperTask SIP SENSOR SEES SAMPLE, t = 0.569
03/10/25 15:24:21 <RapidFire>: BatchThread: process_well()  ( 4, 1)
03/10/25 15:24:28 <Sipper>: SipperTask CHECKING SIP SENSOR
03/10/25 15:24:29 <Sipper>: SipperTask SIP SENSOR 0 , 0.813
03/10/25 15:24:29 <Sipper>: SipperTask SIP SENSOR SEES SAMPLE, t = 0.555
03/10/25 15:24:35 <RapidFire>: BatchThread: process_well()  ( 2, 2)
03/10/25 15:24:42 <Sipper>: SipperTask CHECKING SIP SENSOR
03/10/25 15:24:43 <Sipper>: SipperTask SIP SENSOR 0 , 0.814
03/10/25 15:24:43 <Sipper>: SipperTask SIP SENSOR SEES SAMPLE, t = 0.558
03/10/25 15:24:49 <RapidFire>: BatchThread: process_well()  ( 3, 11)
03/10/25 15:24:56 <Sipper>: SipperTask CHECKING SIP SENSOR
03/10/25 15:24:57 <Sipper>: SipperTask SIP SENSOR 0 , 0.814
03/10/25 15:24:57 <Sipper>: SipperTask SIP SENSOR SEES SAMPLE, t = 0.561
03/10/25 15:25:03 <RapidFire>: BatchThread: process_well()  ( 6, 1)
03/10/25 15:25:10 <Sipper>: SipperTask CHECKING SIP SENSOR
03/10/25 15:25:11 <Sipper>: SipperTask SIP SENSOR 0 , 0.807
03/10/25 15:25:11 <Sipper>: SipperTask SIP SENSOR SEES SAMPLE, t = 0.500
03/10/25 15:25:17 <RapidFire>: BatchThread: process_well()  ( 1000, 3)
03/10/25 15:25:24 <Sipper>: SipperTask CHECKING SIP SENSOR
03/10/25 15:25:25 <Sipper>: SipperTask SIP SENSOR 0 , 1.159
03/10/25 15:25:26 <Sipper>: SipperTask SIP SENSOR SEES SAMPLE, t = 0.365
03/10/25 15:25:32 <RapidFire>: BatchThread: process_well()  ( 1000, 2)
03/10/25 15:25:39 <Sipper>: SipperTask CHECKING SIP SENSOR
03/10/25 15:25:40 <Sipper>: SipperTask SIP SENSOR 0 , 1.172
03/10/25 15:25:40 <Sipper>: SipperTask SIP SENSOR SEES SAMPLE, t = 0.282
03/10/25 15:25:46 <RapidFire>: BatchThread: process_well()  ( 1000, 2)
03/10/25 15:25:53 <Sipper>: SipperTask CHECKING SIP SENSOR
03/10/25 15:25:54 <Sipper>: SipperTask SIP SENSOR 0 , 1.170
03/10/25 15:25:54 <Sipper>: SipperTask SIP SENSOR SEES SAMPLE, t = 0.301
03/10/25 15:26:00 <RapidFire>: BatchThread: process_well()  ( 1000, 2)
03/10/25 15:26:07 <Sipper>: SipperTask CHECKING SIP SENSOR
03/10/25 15:26:08 <Sipper>: SipperTask SIP SENSOR 0 , 1.173
03/10/25 15:26:08 <Sipper>: SipperTask SIP SENSOR SEES SAMPLE, t = 0.293
03/10/25 15:26:15 <RapidFire>: BatchThread: process_well()  ( 1000, 3)
03/10/25 15:26:21 <Sipper>: SipperTask CHECKING SIP SENSOR
03/10/25 15:26:22 <Sipper>: SipperTask SIP SENSOR 0 , 1.141
03/10/25 15:26:23 <Sipper>: SipperTask SIP SENSOR SEES SAMPLE, t = 0.410
03/10/25 15:26:29 <RapidFire>: BatchThread: process_well()  ( 3, 2)
03/10/25 15:26:35 <Sipper>: SipperTask CHECKING SIP SENSOR
03/10/25 15:26:36 <Sipper>: SipperTask SIP SENSOR 0 , 0.814
03/10/25 15:26:37 <Sipper>: SipperTask SIP SENSOR SEES SAMPLE, t = 0.556
03/10/25 15:26:43 <RapidFire>: BatchThread: process_well()  ( 2, 6)
03/10/25 15:26:50 <Sipper>: SipperTask CHECKING SIP SENSOR
03/10/25 15:26:50 <Sipper>: SipperTask SIP SENSOR 0 , 0.810
03/10/25 15:26:51 <Sipper>: SipperTask SIP SENSOR SEES SAMPLE, t = 0.572
03/10/25 15:26:57 <RapidFire>: BatchThread: process_well()  ( 4, 5)
03/10/25 15:27:04 <Sipper>: SipperTask CHECKING SIP SENSOR
03/10/25 15:27:04 <Sipper>: SipperTask SIP SENSOR 0 , 0.815
03/10/25 15:27:05 <Sipper>: SipperTask SIP SENSOR SEES SAMPLE, t = 0.574
03/10/25 15:27:11 <RapidFire>: BatchThread: process_well()  ( 8, 10)
03/10/25 15:27:18 <Sipper>: SipperTask CHECKING SIP SENSOR
03/10/25 15:27:19 <Sipper>: SipperTask SIP SENSOR 0 , 0.813
03/10/25 15:27:19 <Sipper>: SipperTask SIP SENSOR SEES SAMPLE, t = 0.577
03/10/25 15:27:25 <RapidFire>: BatchThread: process_well()  ( 4, 9)
03/10/25 15:27:32 <Sipper>: SipperTask CHECKING SIP SENSOR
03/10/25 15:27:33 <Sipper>: SipperTask SIP SENSOR 0 , 0.813
03/10/25 15:27:33 <Sipper>: SipperTask SIP SENSOR SEES SAMPLE, t = 0.498
03/10/25 15:27:39 <RapidFire>: BatchThread: process_well()  ( 8, 5)
03/10/25 15:27:46 <Sipper>: SipperTask CHECKING SIP SENSOR
03/10/25 15:27:47 <Sipper>: SipperTask SIP SENSOR 0 , 0.811
03/10/25 15:27:47 <Sipper>: SipperTask SIP SENSOR SEES SAMPLE, t = 0.491
03/10/25 15:27:53 <RapidFire>: BatchThread: process_well()  ( 1000, 3)
03/10/25 15:28:00 <Sipper>: SipperTask CHECKING SIP SENSOR
03/10/25 15:28:01 <Sipper>: SipperTask SIP SENSOR 0 , 1.157
03/10/25 15:28:02 <Sipper>: SipperTask SIP SENSOR SEES SAMPLE, t = 0.354
03/10/25 15:28:08 <RapidFire>: BatchThread: process_well()  ( 1000, 2)
03/10/25 15:28:14 <Sipper>: SipperTask CHECKING SIP SENSOR
03/10/25 15:28:15 <Sipper>: SipperTask SIP SENSOR 0 , 1.160
03/10/25 15:28:16 <Sipper>: SipperTask SIP SENSOR SEES SAMPLE, t = 0.245
03/10/25 15:28:22 <RapidFire>: BatchThread: process_well()  ( 1000, 2)
03/10/25 15:28:28 <Sipper>: SipperTask CHECKING SIP SENSOR
03/10/25 15:28:30 <Sipper>: SipperTask SIP SENSOR 0 , 1.171
03/10/25 15:28:30 <Sipper>: SipperTask SIP SENSOR SEES SAMPLE, t = 0.302
03/10/25 15:28:36 <RapidFire>: BatchThread: process_well()  ( 1000, 2)
03/10/25 15:28:43 <Sipper>: SipperTask CHECKING SIP SENSOR
03/10/25 15:28:44 <Sipper>: SipperTask SIP SENSOR 0 , 1.170
03/10/25 15:28:44 <Sipper>: SipperTask SIP SENSOR SEES SAMPLE, t = 0.289
03/10/25 15:28:50 <RapidFire>: BatchThread: process_well()  ( 1000, 3)
03/10/25 15:28:57 <Sipper>: SipperTask CHECKING SIP SENSOR
03/10/25 15:28:58 <Sipper>: SipperTask SIP SENSOR 0 , 1.157
03/10/25 15:28:58 <Sipper>: SipperTask SIP SENSOR SEES SAMPLE, t = 0.360
03/10/25 15:29:04 <RapidFire>: BatchThread: process_well()  ( 7, 4)
03/10/25 15:29:11 <Sipper>: SipperTask CHECKING SIP SENSOR
03/10/25 15:29:12 <Sipper>: SipperTask SIP SENSOR 0 , 0.811
03/10/25 15:29:12 <Sipper>: SipperTask SIP SENSOR SEES SAMPLE, t = 0.495
03/10/25 15:29:18 <RapidFire>: BatchThread: process_well()  ( 6, 2)
03/10/25 15:29:25 <Sipper>: SipperTask CHECKING SIP SENSOR
03/10/25 15:29:26 <Sipper>: SipperTask SIP SENSOR 0 , 0.809
03/10/25 15:29:26 <Sipper>: SipperTask SIP SENSOR SEES SAMPLE, t = 0.495
03/10/25 15:29:32 <RapidFire>: BatchThread: process_well()  ( 2, 10)
03/10/25 15:29:39 <Sipper>: SipperTask CHECKING SIP SENSOR
03/10/25 15:29:40 <Sipper>: SipperTask SIP SENSOR 0 , 0.809
03/10/25 15:29:41 <Sipper>: SipperTask SIP SENSOR SEES SAMPLE, t = 0.519
03/10/25 15:29:46 <RapidFire>: BatchThread: process_well()  ( 8, 4)
03/10/25 15:29:53 <Sipper>: SipperTask CHECKING SIP SENSOR
03/10/25 15:29:54 <Sipper>: SipperTask SIP SENSOR 0 , 0.811
03/10/25 15:29:55 <Sipper>: SipperTask SIP SENSOR SEES SAMPLE, t = 0.542
03/10/25 15:30:01 <RapidFire>: BatchThread: process_well()  ( 4, 12)
03/10/25 15:30:07 <Sipper>: SipperTask CHECKING SIP SENSOR
03/10/25 15:30:08 <Sipper>: SipperTask SIP SENSOR 0 , 0.816
03/10/25 15:30:09 <Sipper>: SipperTask SIP SENSOR SEES SAMPLE, t = 0.492
03/10/25 15:30:14 <RapidFire>: BatchThread: process_well()  ( 5, 3)
03/10/25 15:30:21 <Sipper>: SipperTask CHECKING SIP SENSOR
03/10/25 15:30:22 <Sipper>: SipperTask SIP SENSOR 0 , 0.811
03/10/25 15:30:23 <Sipper>: SipperTask SIP SENSOR SEES SAMPLE, t = 0.492
03/10/25 15:30:29 <RapidFire>: BatchThread: process_well()  ( 1000, 3)
03/10/25 15:30:36 <Sipper>: SipperTask CHECKING SIP SENSOR
03/10/25 15:30:37 <Sipper>: SipperTask SIP SENSOR 0 , 1.141
03/10/25 15:30:37 <Sipper>: SipperTask SIP SENSOR SEES SAMPLE, t = 0.346
03/10/25 15:30:43 <RapidFire>: BatchThread: process_well()  ( 1000, 2)
03/10/25 15:30:50 <Sipper>: SipperTask CHECKING SIP SENSOR
03/10/25 15:30:51 <Sipper>: SipperTask SIP SENSOR 0 , 1.167
03/10/25 15:30:51 <Sipper>: SipperTask SIP SENSOR SEES SAMPLE, t = 0.252
03/10/25 15:30:57 <RapidFire>: BatchThread: process_well()  ( 1000, 2)
03/10/25 15:31:04 <Sipper>: SipperTask CHECKING SIP SENSOR
03/10/25 15:31:05 <Sipper>: SipperTask SIP SENSOR 0 , 1.175
03/10/25 15:31:05 <Sipper>: SipperTask SIP SENSOR SEES SAMPLE, t = 0.285
03/10/25 15:31:12 <RapidFire>: BatchThread: process_well()  ( 1000, 2)
03/10/25 15:31:18 <Sipper>: SipperTask CHECKING SIP SENSOR
03/10/25 15:31:19 <Sipper>: SipperTask SIP SENSOR 0 , 1.174
03/10/25 15:31:20 <Sipper>: SipperTask SIP SENSOR SEES SAMPLE, t = 0.294
03/10/25 15:31:26 <RapidFire>: BatchThread: process_well()  ( 1000, 3)
03/10/25 15:31:32 <Sipper>: SipperTask CHECKING SIP SENSOR
03/10/25 15:31:33 <Sipper>: SipperTask SIP SENSOR 0 , 1.154
03/10/25 15:31:34 <Sipper>: SipperTask SIP SENSOR SEES SAMPLE, t = 0.373
03/10/25 15:31:40 <RapidFire>: BatchThread: process_well()  ( 7, 2)
03/10/25 15:31:47 <Sipper>: SipperTask CHECKING SIP SENSOR
03/10/25 15:31:47 <Sipper>: SipperTask SIP SENSOR 0 , 0.812
03/10/25 15:31:48 <Sipper>: SipperTask SIP SENSOR SEES SAMPLE, t = 0.569
03/10/25 15:31:54 <RapidFire>: BatchThread: process_well()  ( 8, 9)
03/10/25 15:32:01 <Sipper>: SipperTask CHECKING SIP SENSOR
03/10/25 15:32:02 <Sipper>: SipperTask SIP SENSOR 0 , 0.814
03/10/25 15:32:02 <Sipper>: SipperTask SIP SENSOR SEES SAMPLE, t = 0.561
03/10/25 15:32:08 <RapidFire>: BatchThread: process_well()  ( 5, 9)
03/10/25 15:32:15 <Sipper>: SipperTask CHECKING SIP SENSOR
03/10/25 15:32:16 <Sipper>: SipperTask SIP SENSOR 0 , 0.811
03/10/25 15:32:16 <Sipper>: SipperTask SIP SENSOR SEES SAMPLE, t = 0.563
03/10/25 15:32:22 <RapidFire>: BatchThread: process_well()  ( 3, 9)
03/10/25 15:32:29 <Sipper>: SipperTask CHECKING SIP SENSOR
03/10/25 15:32:30 <Sipper>: SipperTask SIP SENSOR 0 , 0.806
03/10/25 15:32:30 <Sipper>: SipperTask SIP SENSOR SEES SAMPLE, t = 0.558
03/10/25 15:32:36 <RapidFire>: BatchThread: process_well()  ( 3, 5)
03/10/25 15:32:43 <Sipper>: SipperTask CHECKING SIP SENSOR
03/10/25 15:32:44 <Sipper>: SipperTask SIP SENSOR 0 , 0.814
03/10/25 15:32:44 <Sipper>: SipperTask SIP SENSOR SEES SAMPLE, t = 0.570
03/10/25 15:32:50 <RapidFire>: BatchThread: process_well()  ( 5, 1)
03/10/25 15:32:57 <Sipper>: SipperTask CHECKING SIP SENSOR
03/10/25 15:32:58 <Sipper>: SipperTask SIP SENSOR 0 , 0.813
03/10/25 15:32:59 <Sipper>: SipperTask SIP SENSOR SEES SAMPLE, t = 0.542
03/10/25 15:33:04 <RapidFire>: BatchThread: process_well()  ( 1000, 3)
03/10/25 15:33:11 <Sipper>: SipperTask CHECKING SIP SENSOR
03/10/25 15:33:12 <Sipper>: SipperTask SIP SENSOR 0 , 1.156
03/10/25 15:33:13 <Sipper>: SipperTask SIP SENSOR SEES SAMPLE, t = 0.402
03/10/25 15:33:19 <RapidFire>: BatchThread: process_well()  ( 1000, 2)
03/10/25 15:33:26 <Sipper>: SipperTask CHECKING SIP SENSOR
03/10/25 15:33:27 <Sipper>: SipperTask SIP SENSOR 0 , 1.169
03/10/25 15:33:27 <Sipper>: SipperTask SIP SENSOR SEES SAMPLE, t = 0.254
03/10/25 15:33:33 <RapidFire>: BatchThread: process_well()  ( 1000, 2)
03/10/25 15:33:40 <Sipper>: SipperTask CHECKING SIP SENSOR
03/10/25 15:33:41 <Sipper>: SipperTask SIP SENSOR 0 , 1.174
03/10/25 15:33:41 <Sipper>: SipperTask SIP SENSOR SEES SAMPLE, t = 0.253
03/10/25 15:33:48 <RapidFire>: BatchThread: process_well()  ( 1000, 2)
03/10/25 15:33:54 <Sipper>: SipperTask CHECKING SIP SENSOR
03/10/25 15:33:55 <Sipper>: SipperTask SIP SENSOR 0 , 1.168
03/10/25 15:33:55 <Sipper>: SipperTask SIP SENSOR SEES SAMPLE, t = 0.304
03/10/25 15:34:02 <RapidFire>: BatchThread: process_well()  ( 1000, 3)
03/10/25 15:34:08 <Sipper>: SipperTask CHECKING SIP SENSOR
03/10/25 15:34:09 <Sipper>: SipperTask SIP SENSOR 0 , 1.151
03/10/25 15:34:10 <Sipper>: SipperTask SIP SENSOR SEES SAMPLE, t = 0.411
03/10/25 15:34:16 <RapidFire>: BatchThread: process_well()  ( 8, 12)
03/10/25 15:34:22 <Sipper>: SipperTask CHECKING SIP SENSOR
03/10/25 15:34:23 <Sipper>: SipperTask SIP SENSOR 0 , 0.811
03/10/25 15:34:24 <Sipper>: SipperTask SIP SENSOR SEES SAMPLE, t = 0.553
03/10/25 15:34:30 <RapidFire>: BatchThread: process_well()  ( 1, 7)
03/10/25 15:34:37 <Sipper>: SipperTask CHECKING SIP SENSOR
03/10/25 15:34:37 <Sipper>: SipperTask SIP SENSOR 0 , 0.812
03/10/25 15:34:38 <Sipper>: SipperTask SIP SENSOR SEES SAMPLE, t = 0.584
03/10/25 15:34:44 <RapidFire>: BatchThread: process_well()  ( 7, 5)
03/10/25 15:34:51 <Sipper>: SipperTask CHECKING SIP SENSOR
03/10/25 15:34:52 <Sipper>: SipperTask SIP SENSOR 0 , 0.812
03/10/25 15:34:52 <Sipper>: SipperTask SIP SENSOR SEES SAMPLE, t = 0.542
03/10/25 15:34:58 <RapidFire>: BatchThread: process_well()  ( 1, 4)
03/10/25 15:35:05 <Sipper>: SipperTask CHECKING SIP SENSOR
03/10/25 15:35:06 <Sipper>: SipperTask SIP SENSOR 0 , 0.811
03/10/25 15:35:06 <Sipper>: SipperTask SIP SENSOR SEES SAMPLE, t = 0.554
03/10/25 15:35:12 <RapidFire>: BatchThread: process_well()  ( 7, 9)
03/10/25 15:35:19 <Sipper>: SipperTask CHECKING SIP SENSOR
03/10/25 15:35:20 <Sipper>: SipperTask SIP SENSOR 0 , 0.808
03/10/25 15:35:20 <Sipper>: SipperTask SIP SENSOR SEES SAMPLE, t = 0.543
03/10/25 15:35:26 <RapidFire>: BatchThread: process_well()  ( 1, 12)
03/10/25 15:35:33 <Sipper>: SipperTask CHECKING SIP SENSOR
03/10/25 15:35:34 <Sipper>: SipperTask SIP SENSOR 0 , 0.813
03/10/25 15:35:34 <Sipper>: SipperTask SIP SENSOR SEES SAMPLE, t = 0.578
03/10/25 15:35:40 <RapidFire>: BatchThread: process_well()  ( 1000, 3)
03/10/25 15:35:47 <Sipper>: SipperTask CHECKING SIP SENSOR
03/10/25 15:35:48 <Sipper>: SipperTask SIP SENSOR 0 , 1.145
03/10/25 15:35:49 <Sipper>: SipperTask SIP SENSOR SEES SAMPLE, t = 0.395
03/10/25 15:35:55 <RapidFire>: BatchThread: process_well()  ( 1000, 2)
03/10/25 15:36:01 <Sipper>: SipperTask CHECKING SIP SENSOR
03/10/25 15:36:03 <Sipper>: SipperTask SIP SENSOR 0 , 1.169
03/10/25 15:36:03 <Sipper>: SipperTask SIP SENSOR SEES SAMPLE, t = 0.313
03/10/25 15:36:09 <RapidFire>: BatchThread: process_well()  ( 1000, 2)
03/10/25 15:36:16 <Sipper>: SipperTask CHECKING SIP SENSOR
03/10/25 15:36:17 <Sipper>: SipperTask SIP SENSOR 0 , 1.177
03/10/25 15:36:17 <Sipper>: SipperTask SIP SENSOR SEES SAMPLE, t = 0.298
03/10/25 15:36:23 <RapidFire>: BatchThread: process_well()  ( 1000, 2)
03/10/25 15:36:30 <Sipper>: SipperTask CHECKING SIP SENSOR
03/10/25 15:36:31 <Sipper>: SipperTask SIP SENSOR 0 , 1.173
03/10/25 15:36:31 <Sipper>: SipperTask SIP SENSOR SEES SAMPLE, t = 0.325
03/10/25 15:36:38 <RapidFire>: BatchThread: process_well()  ( 1000, 3)
03/10/25 15:36:44 <Sipper>: SipperTask CHECKING SIP SENSOR
03/10/25 15:36:45 <Sipper>: SipperTask SIP SENSOR 0 , 1.159
03/10/25 15:36:46 <Sipper>: SipperTask SIP SENSOR SEES SAMPLE, t = 0.388
03/10/25 15:36:52 <RapidFire>: BatchThread: process_well()  ( 4, 7)
03/10/25 15:36:58 <Sipper>: SipperTask CHECKING SIP SENSOR
03/10/25 15:36:59 <Sipper>: SipperTask SIP SENSOR 0 , 0.813
03/10/25 15:37:00 <Sipper>: SipperTask SIP SENSOR SEES SAMPLE, t = 0.560
03/10/25 15:37:05 <RapidFire>: BatchThread: process_well()  ( 6, 5)
03/10/25 15:37:13 <Sipper>: SipperTask CHECKING SIP SENSOR
03/10/25 15:37:13 <Sipper>: SipperTask SIP SENSOR 0 , 0.814
03/10/25 15:37:14 <Sipper>: SipperTask SIP SENSOR SEES SAMPLE, t = 0.562
03/10/25 15:37:20 <RapidFire>: BatchThread: process_well()  ( 2, 8)
03/10/25 15:37:27 <Sipper>: SipperTask CHECKING SIP SENSOR
03/10/25 15:37:27 <Sipper>: SipperTask SIP SENSOR 0 , 0.813
03/10/25 15:37:28 <Sipper>: SipperTask SIP SENSOR SEES SAMPLE, t = 0.497
03/10/25 15:37:34 <RapidFire>: BatchThread: process_well()  ( 5, 7)
03/10/25 15:37:41 <Sipper>: SipperTask CHECKING SIP SENSOR
03/10/25 15:37:42 <Sipper>: SipperTask SIP SENSOR 0 , 0.812
03/10/25 15:37:42 <Sipper>: SipperTask SIP SENSOR SEES SAMPLE, t = 0.545
03/10/25 15:37:48 <RapidFire>: BatchThread: process_well()  ( 8, 7)
03/10/25 15:37:55 <Sipper>: SipperTask CHECKING SIP SENSOR
03/10/25 15:37:56 <Sipper>: SipperTask SIP SENSOR 0 , 0.811
03/10/25 15:37:56 <Sipper>: SipperTask SIP SENSOR SEES SAMPLE, t = 0.568
03/10/25 15:38:02 <RapidFire>: BatchThread: process_well()  ( 5, 10)
03/10/25 15:38:09 <Sipper>: SipperTask CHECKING SIP SENSOR
03/10/25 15:38:10 <Sipper>: SipperTask SIP SENSOR 0 , 0.809
03/10/25 15:38:10 <Sipper>: SipperTask SIP SENSOR SEES SAMPLE, t = 0.563
03/10/25 15:38:16 <RapidFire>: BatchThread: process_well()  ( 1000, 3)
03/10/25 15:38:23 <Sipper>: SipperTask CHECKING SIP SENSOR
03/10/25 15:38:24 <Sipper>: SipperTask SIP SENSOR 0 , 1.141
03/10/25 15:38:25 <Sipper>: SipperTask SIP SENSOR SEES SAMPLE, t = 0.419
03/10/25 15:38:31 <RapidFire>: BatchThread: process_well()  ( 1000, 2)
03/10/25 15:38:37 <Sipper>: SipperTask CHECKING SIP SENSOR
03/10/25 15:38:39 <Sipper>: SipperTask SIP SENSOR 0 , 1.169
03/10/25 15:38:39 <Sipper>: SipperTask SIP SENSOR SEES SAMPLE, t = 0.306
03/10/25 15:38:45 <RapidFire>: BatchThread: process_well()  ( 1000, 2)
03/10/25 15:38:52 <Sipper>: SipperTask CHECKING SIP SENSOR
03/10/25 15:38:53 <Sipper>: SipperTask SIP SENSOR 0 , 1.171
03/10/25 15:38:53 <Sipper>: SipperTask SIP SENSOR SEES SAMPLE, t = 0.327
03/10/25 15:38:59 <RapidFire>: BatchThread: process_well()  ( 1000, 2)
03/10/25 15:39:06 <Sipper>: SipperTask CHECKING SIP SENSOR
03/10/25 15:39:07 <Sipper>: SipperTask SIP SENSOR 0 , 1.169
03/10/25 15:39:07 <Sipper>: SipperTask SIP SENSOR SEES SAMPLE, t = 0.310
03/10/25 15:39:14 <RapidFire>: BatchThread: process_well()  ( 1000, 3)
03/10/25 15:39:20 <Sipper>: SipperTask CHECKING SIP SENSOR
03/10/25 15:39:21 <Sipper>: SipperTask SIP SENSOR 0 , 1.138
03/10/25 15:39:22 <Sipper>: SipperTask SIP SENSOR SEES SAMPLE, t = 0.425
03/10/25 15:39:28 <RapidFire>: BatchThread: process_well()  ( 6, 11)
03/10/25 15:39:34 <Sipper>: SipperTask CHECKING SIP SENSOR
03/10/25 15:39:35 <Sipper>: SipperTask SIP SENSOR 0 , 0.813
03/10/25 15:39:36 <Sipper>: SipperTask SIP SENSOR SEES SAMPLE, t = 0.561
03/10/25 15:39:42 <RapidFire>: BatchThread: process_well()  ( 7, 7)
03/10/25 15:39:49 <Sipper>: SipperTask CHECKING SIP SENSOR
03/10/25 15:39:49 <Sipper>: SipperTask SIP SENSOR 0 , 0.809
03/10/25 15:39:50 <Sipper>: SipperTask SIP SENSOR SEES SAMPLE, t = 0.576
03/10/25 15:39:56 <RapidFire>: BatchThread: process_well()  ( 3, 1)
03/10/25 15:40:03 <Sipper>: SipperTask CHECKING SIP SENSOR
03/10/25 15:40:03 <Sipper>: SipperTask SIP SENSOR 0 , 0.812
03/10/25 15:40:04 <Sipper>: SipperTask SIP SENSOR SEES SAMPLE, t = 0.552
03/10/25 15:40:10 <RapidFire>: BatchThread: process_well()  ( 4, 6)
03/10/25 15:40:17 <Sipper>: SipperTask CHECKING SIP SENSOR
03/10/25 15:40:18 <Sipper>: SipperTask SIP SENSOR 0 , 0.815
03/10/25 15:40:18 <Sipper>: SipperTask SIP SENSOR SEES SAMPLE, t = 0.526
03/10/25 15:40:24 <RapidFire>: BatchThread: process_well()  ( 3, 6)
03/10/25 15:40:31 <Sipper>: SipperTask CHECKING SIP SENSOR
03/10/25 15:40:32 <Sipper>: SipperTask SIP SENSOR 0 , 0.811
03/10/25 15:40:32 <Sipper>: SipperTask SIP SENSOR SEES SAMPLE, t = 0.520
03/10/25 15:40:38 <RapidFire>: BatchThread: process_well()  ( 1, 8)
03/10/25 15:40:45 <Sipper>: SipperTask CHECKING SIP SENSOR
03/10/25 15:40:46 <Sipper>: SipperTask SIP SENSOR 0 , 0.811
03/10/25 15:40:46 <Sipper>: SipperTask SIP SENSOR SEES SAMPLE, t = 0.516
03/10/25 15:40:52 <RapidFire>: BatchThread: process_well()  ( 1000, 3)
03/10/25 15:40:59 <Sipper>: SipperTask CHECKING SIP SENSOR
03/10/25 15:41:00 <Sipper>: SipperTask SIP SENSOR 0 , 1.154
03/10/25 15:41:00 <Sipper>: SipperTask SIP SENSOR SEES SAMPLE, t = 0.373
03/10/25 15:41:07 <RapidFire>: BatchThread: process_well()  ( 1000, 2)
03/10/25 15:41:13 <Sipper>: SipperTask CHECKING SIP SENSOR
03/10/25 15:41:14 <Sipper>: SipperTask SIP SENSOR 0 , 1.169
03/10/25 15:41:15 <Sipper>: SipperTask SIP SENSOR SEES SAMPLE, t = 0.262
03/10/25 15:41:21 <RapidFire>: BatchThread: process_well()  ( 1000, 2)
03/10/25 15:41:27 <Sipper>: SipperTask CHECKING SIP SENSOR
03/10/25 15:41:29 <Sipper>: SipperTask SIP SENSOR 0 , 1.158
03/10/25 15:41:29 <Sipper>: SipperTask SIP SENSOR SEES SAMPLE, t = 0.280
03/10/25 15:41:35 <RapidFire>: BatchThread: process_well()  ( 1000, 2)
03/10/25 15:41:42 <Sipper>: SipperTask CHECKING SIP SENSOR
03/10/25 15:41:43 <Sipper>: SipperTask SIP SENSOR 0 , 1.172
03/10/25 15:41:43 <Sipper>: SipperTask SIP SENSOR SEES SAMPLE, t = 0.286
03/10/25 15:41:49 <RapidFire>: BatchThread: process_well()  ( 1000, 3)
03/10/25 15:41:56 <Sipper>: SipperTask CHECKING SIP SENSOR
03/10/25 15:41:57 <Sipper>: SipperTask SIP SENSOR 0 , 1.150
03/10/25 15:41:57 <Sipper>: SipperTask SIP SENSOR SEES SAMPLE, t = 0.404
03/10/25 15:42:04 <RapidFire>: BatchThread: process_well()  ( 3, 7)
03/10/25 15:42:10 <Sipper>: SipperTask CHECKING SIP SENSOR
03/10/25 15:42:11 <Sipper>: SipperTask SIP SENSOR 0 , 0.812
03/10/25 15:42:11 <Sipper>: SipperTask SIP SENSOR SEES SAMPLE, t = 0.498
03/10/25 15:42:17 <RapidFire>: BatchThread: process_well()  ( 2, 4)
03/10/25 15:42:24 <Sipper>: SipperTask CHECKING SIP SENSOR
03/10/25 15:42:25 <Sipper>: SipperTask SIP SENSOR 0 , 0.809
03/10/25 15:42:25 <Sipper>: SipperTask SIP SENSOR SEES SAMPLE, t = 0.489
03/10/25 15:42:31 <RapidFire>: BatchThread: process_well()  ( 1, 3)
03/10/25 15:42:38 <Sipper>: SipperTask CHECKING SIP SENSOR
03/10/25 15:42:39 <Sipper>: SipperTask SIP SENSOR 0 , 0.816
03/10/25 15:42:40 <Sipper>: SipperTask SIP SENSOR SEES SAMPLE, t = 0.508
03/10/25 15:42:45 <RapidFire>: BatchThread: process_well()  ( 5, 8)
03/10/25 15:42:52 <Sipper>: SipperTask CHECKING SIP SENSOR
03/10/25 15:42:53 <Sipper>: SipperTask SIP SENSOR 0 , 0.805
03/10/25 15:42:54 <Sipper>: SipperTask SIP SENSOR SEES SAMPLE, t = 0.513
03/10/25 15:42:59 <RapidFire>: BatchThread: process_well()  ( 1, 6)
03/10/25 15:43:06 <Sipper>: SipperTask CHECKING SIP SENSOR
03/10/25 15:43:07 <Sipper>: SipperTask SIP SENSOR 0 , 0.812
03/10/25 15:43:08 <Sipper>: SipperTask SIP SENSOR SEES SAMPLE, t = 0.496
03/10/25 15:43:13 <RapidFire>: BatchThread: process_well()  ( 5, 11)
03/10/25 15:43:20 <Sipper>: SipperTask CHECKING SIP SENSOR
03/10/25 15:43:21 <Sipper>: SipperTask SIP SENSOR 0 , 0.811
03/10/25 15:43:22 <Sipper>: SipperTask SIP SENSOR SEES SAMPLE, t = 0.483
03/10/25 15:43:27 <RapidFire>: BatchThread: process_well()  ( 1000, 3)
03/10/25 15:43:35 <Sipper>: SipperTask CHECKING SIP SENSOR
03/10/25 15:43:36 <Sipper>: SipperTask SIP SENSOR 0 , 1.142
03/10/25 15:43:36 <Sipper>: SipperTask SIP SENSOR SEES SAMPLE, t = 0.398
03/10/25 15:43:42 <RapidFire>: BatchThread: process_well()  ( 1000, 2)
03/10/25 15:43:49 <Sipper>: SipperTask CHECKING SIP SENSOR
03/10/25 15:43:50 <Sipper>: SipperTask SIP SENSOR 0 , 1.174
03/10/25 15:43:50 <Sipper>: SipperTask SIP SENSOR SEES SAMPLE, t = 0.322
03/10/25 15:43:57 <RapidFire>: BatchThread: process_well()  ( 1000, 2)
03/10/25 15:44:03 <Sipper>: SipperTask CHECKING SIP SENSOR
03/10/25 15:44:04 <Sipper>: SipperTask SIP SENSOR 0 , 1.172
03/10/25 15:44:05 <Sipper>: SipperTask SIP SENSOR SEES SAMPLE, t = 0.328
03/10/25 15:44:11 <RapidFire>: BatchThread: process_well()  ( 1000, 2)
03/10/25 15:44:17 <Sipper>: SipperTask CHECKING SIP SENSOR
03/10/25 15:44:18 <Sipper>: SipperTask SIP SENSOR 0 , 1.173
03/10/25 15:44:19 <Sipper>: SipperTask SIP SENSOR SEES SAMPLE, t = 0.312
03/10/25 15:44:25 <RapidFire>: BatchThread: process_well()  ( 1000, 3)
03/10/25 15:44:31 <Sipper>: SipperTask CHECKING SIP SENSOR
03/10/25 15:44:33 <Sipper>: SipperTask SIP SENSOR 0 , 1.141
03/10/25 15:44:33 <Sipper>: SipperTask SIP SENSOR SEES SAMPLE, t = 0.430
03/10/25 15:44:39 <RapidFire>: BatchThread: process_well()  ( 6, 12)
03/10/25 15:44:46 <Sipper>: SipperTask CHECKING SIP SENSOR
03/10/25 15:44:47 <Sipper>: SipperTask SIP SENSOR 0 , 0.811
03/10/25 15:44:47 <Sipper>: SipperTask SIP SENSOR SEES SAMPLE, t = 0.554
03/10/25 15:44:53 <RapidFire>: BatchThread: process_well()  ( 1, 1)
03/10/25 15:45:00 <Sipper>: SipperTask CHECKING SIP SENSOR
03/10/25 15:45:01 <Sipper>: SipperTask SIP SENSOR 0 , 0.812
03/10/25 15:45:01 <Sipper>: SipperTask SIP SENSOR SEES SAMPLE, t = 0.541
03/10/25 15:45:07 <RapidFire>: BatchThread: process_well()  ( 1000, 3)
03/10/25 15:45:14 <Sipper>: SipperTask CHECKING SIP SENSOR
03/10/25 15:45:15 <Sipper>: SipperTask SIP SENSOR 0 , 1.137
03/10/25 15:45:16 <Sipper>: SipperTask SIP SENSOR SEES SAMPLE, t = 0.414
03/10/25 15:45:22 <RapidFire>: BatchThread: process_well()  ( 1000, 2)
03/10/25 15:45:28 <Sipper>: SipperTask CHECKING SIP SENSOR
03/10/25 15:45:29 <Sipper>: SipperTask SIP SENSOR 0 , 1.171
03/10/25 15:45:30 <Sipper>: SipperTask SIP SENSOR SEES SAMPLE, t = 0.293
03/10/25 15:45:36 <RapidFire>: BatchThread: process_well()  ( 1000, 2)
03/10/25 15:45:43 <Sipper>: SipperTask CHECKING SIP SENSOR
03/10/25 15:45:44 <Sipper>: SipperTask SIP SENSOR 0 , 1.172
03/10/25 15:45:44 <Sipper>: SipperTask SIP SENSOR SEES SAMPLE, t = 0.319
03/10/25 15:45:50 <RapidFire>: BatchThread: process_well()  ( 1000, 2)
03/10/25 15:45:57 <Sipper>: SipperTask CHECKING SIP SENSOR
03/10/25 15:45:58 <Sipper>: SipperTask SIP SENSOR 0 , 1.172
03/10/25 15:45:58 <Sipper>: SipperTask SIP SENSOR SEES SAMPLE, t = 0.271
03/10/25 15:46:05 <RapidFire>: BatchThread: process_well()  ( 1000, 2)
03/10/25 15:46:11 <Sipper>: SipperTask CHECKING SIP SENSOR
03/10/25 15:46:12 <Sipper>: SipperTask SIP SENSOR 0 , 1.167
03/10/25 15:46:12 <Sipper>: SipperTask SIP SENSOR SEES SAMPLE, t = 0.347
03/10/25 15:46:19 <RapidFire>: BatchThread: process_well()  ( 1000, 2)
03/10/25 15:46:25 <Sipper>: SipperTask CHECKING SIP SENSOR
03/10/25 15:46:26 <Sipper>: SipperTask SIP SENSOR 0 , 1.173
03/10/25 15:46:27 <Sipper>: SipperTask SIP SENSOR SEES SAMPLE, t = 0.337
03/10/25 15:46:39 <RapidFire>: BatchThread: START stop_ms_data_acquisition
03/10/25 15:46:58 <RapidFire>: BatchThread: wait_mass_spec: 2 (max wait 120 sec)
03/10/25 15:46:58 <RapidFire>: RFMassHunterS:Task: Run StopWorkList
03/10/25 15:46:58 <RapidFire>: RFMassHunterS:Task: StopWorkListOp stopping worklist
03/10/25 15:46:59 <RapidFire>: RFMassHunterS:Task: NotifyChangedMS loc = REG[ACTUAL].OBJ[1].NDR[RUNSTATE] value = 2
03/10/25 15:47:03 <RapidFire>: RFMassHunterS:Task: OnWorklistJobCompleted
03/10/25 15:47:03 <RapidFire>: RFMassHunterS:Task: OnWorklistRunCompleted
03/10/25 15:47:03 <RapidFire>: RFMassHunterS:Task: Worklist execution result : Aborted
03/10/25 15:47:04 <RapidFire>: RFMassHunterS:Task: AcquisitionStatus changed to IDL (2)
03/10/25 15:47:04 <RapidFire>: BatchThread: END stop_ms_data_acquisition
03/10/25 15:47:04 <RapidFire>: BatchThread: process_batch() :  finished
03/10/25 15:47:04 <Pump1>:turn off Pump1
03/10/25 15:47:04 <Pump2>:turn off Pump2
03/10/25 15:47:04 <Pump3>:turn off Pump3
03/10/25 15:47:04 <Pump4>: turn_on :  pump off
03/10/25 15:47:04 <Pump1>:turn_on : setting on/off = 0
03/10/25 15:47:04 <RapidFire>: BatchThread: stop_everything()  BEGIN
03/10/25 15:47:04 <Pump2>:turn_on : setting on/off = 0
03/10/25 15:47:04 <Pump3>:turn_on : setting on/off = 0
03/10/25 15:47:04 <RFMassHunterC>:got disconnect
03/10/25 15:47:04 <RapidFire>: BatchThread: Turn Pumps Off
03/10/25 15:47:04 <RapidFire>: BatchThread: wash valve to normal position
03/10/25 15:47:04 <WashValve>: set_position
03/10/25 15:47:04 <RapidFire>: BatchThread: Stop Sipper Motion
03/10/25 15:47:04 <RapidFire>: BatchThread: put all valves in inject position
03/10/25 15:47:04 <Pump3>:AgilentPump1200Task :turn off
03/10/25 15:47:04 <RapidFire>: RFMassHunterS:Task: Run Disconnect
03/10/25 15:47:04 <RapidFire>: RFMassHunterS:Task: executing disconnect
03/10/25 15:47:04 <Pump2>:AgilentPump1200Task :turn off
03/10/25 15:47:04 <Pump1>:AgilentPump1200Task :turn off
03/10/25 15:47:09 <RapidFire>: BatchThread: stop_everthing() END
1 03/10/25 15:47:09 Log file: M:\Projects\Default\Data\Rapidfire/2025/March/10/003/batch.log closed 03/10/25 15:47:09

