04/11/25 15:51:01 <RapidFire>: BatchThread: Created New Data Directory: M:\Projects\Default\Data\Rapidfire/2025/April/11/005
04/11/25 15:51:01 <RapidFire>: BatchThread: ColumnChanger Version 6.1.1.22114
04/11/25 15:51:01 <RapidFire>: BatchThread: LogServer Version 6.1.1.22114
04/11/25 15:51:01 <RapidFire>: BatchThread: PlateHandler Version 6.1.1.22114
04/11/25 15:51:01 <RapidFire>: BatchThread: Pump1 Version 6.1.1.22114
04/11/25 15:51:01 <RapidFire>: BatchThread: Pump2 Version 6.1.1.22114
04/11/25 15:51:01 <RapidFire>: BatchThread: Pump3 Version 6.1.1.22114
04/11/25 15:51:01 <RapidFire>: BatchThread: Pump4 Version 6.1.1.22114
04/11/25 15:51:01 <RapidFire>: BatchThread: RFMassHunterC Version 6.1.1.22114
04/11/25 15:51:01 <RapidFire>: BatchThread: RapidFire Version 6.1.1.22114
04/11/25 15:51:01 <RapidFire>: BatchThread: SampleInterface Version 6.1.1.22114
04/11/25 15:51:01 <RapidFire>: BatchThread: Sipper Version 6.1.1.22114
04/11/25 15:51:01 <RapidFire>: BatchThread: WashValve Version 6.1.1.22114
04/11/25 15:51:01 <RapidFire>: BatchThread: Column Changer Present
04/11/25 15:51:01 <RFMassHunterC>:Connect Rem server trying IP 192.168.254.2
04/11/25 15:51:01 <RFMassHunterC>:connection established to remote server
04/11/25 15:51:01 <RapidFire>: RFMassHunterS:Task: Connection established between RapidFire Instrument and MassHunter Computer
04/11/25 15:51:01 <RapidFire>: RFMassHunterS:Task: ConnectRemServerOp success
04/11/25 15:51:02 <RFMassHunterC>:Connect Mass Spec trying IP 192.168.254.2
04/11/25 15:51:02 <RFMassHunterC>:connection established to mass spec
04/11/25 15:51:02 <RapidFire>: RFMassHunterS:Task: Run ConnectMassSpec
04/11/25 15:51:02 <RapidFire>: RFMassHunterS:Task: engine state 0 = STARTED
04/11/25 15:51:02 <RapidFire>: RFMassHunterS:Task: engine state 1 = STARTED
04/11/25 15:51:02 <RapidFire>: RFMassHunterS:Task: engine state 2 = STARTED
04/11/25 15:51:02 <RapidFire>: RFMassHunterS:Task: Calling m_worklistAutomation.Connect()...
04/11/25 15:51:04 <RapidFire>: RFMassHunterS:Task: MSQTOF_1 detected
04/11/25 15:51:04 <RapidFire>: RFMassHunterS:Task: ConnectMassSpecOp success
04/11/25 15:51:04 <WashValve>: set_position
04/11/25 15:51:04 <RapidFire>: BatchThread: setting wash valve
04/11/25 15:51:04 <WashValve>: set_position
04/11/25 15:51:04 <RapidFire>: BatchThread: finished column changer homing
04/11/25 15:51:04 <Pump1>:turn on Pump1
04/11/25 15:51:04 <Pump2>:turn on Pump2
04/11/25 15:51:04 <Pump3>:turn on Pump3
04/11/25 15:51:04 <Pump4>: turn_on :  pump on
04/11/25 15:51:04 <RapidFire>: BatchThread: turn pumps on, set flow rate
04/11/25 15:51:04 <Pump1>:turn_on : setting on/off = 1
04/11/25 15:51:04 <Pump2>:turn_on : setting on/off = 1
04/11/25 15:51:04 <Pump3>:turn_on : setting on/off = 1
04/11/25 15:51:04 <Pump1>:set_cmd_flow_rate : setting flow rate = 1.5
04/11/25 15:51:04 <Pump2>:set_cmd_flow_rate : setting flow rate = 1.25
04/11/25 15:51:04 <Pump3>:set_cmd_flow_rate : setting flow rate = 1.25
04/11/25 15:51:04 <Pump1>:AgilentPump1200Task :turn on
04/11/25 15:51:04 <Pump3>:AgilentPump1200Task :turn on
04/11/25 15:51:04 <Pump2>:AgilentPump1200Task :turn on
04/11/25 15:51:06 <RapidFire>: BatchThread: all pumps are on
04/11/25 15:51:22 <RapidFire>: BatchThread: Batch Data Directories :  ../DATA/2025/April/11/005 M:\Projects\Default\Data\Rapidfire/2025/April/11/005
04/11/25 15:51:22 <RapidFire>: BatchThread: Batch Mode SEQUENCES
04/11/25 15:51:22 <RapidFire>: BatchThread: RapidFire / MAssHunter TOF Synchronization enabled
04/11/25 15:51:22 <RapidFire>: BatchThread: process_plates() :  Waiting for user to hit run
04/11/25 15:51:22 <RapidFire>: BatchThread: Set Status to PAUSED
04/11/25 15:51:24 <RapidFire>: BatchThread: Set Status to RUNNING
04/11/25 15:51:24 <RapidFire>: BatchThread: Starting Sipping with Plate name = Positive
04/11/25 15:51:24 <RapidFire>: BatchThread: Begin sequence 1 on plate Positive
04/11/25 15:51:24 <RapidFire>: BatchThread:   ( 1000, 2)  ( 1000, 2)  ( 1000, 2)  ( 1000, 2)  ( 1000, 2)  ( 1000, 3)  ( 1000, 3)  ( 2, 8)  ( 3, 7)  ( 2, 6)  ( 5, 11)  ( 8, 12)  ( 3, 5)  ( 1000, 3)  ( 1000, 2)  ( 1000, 2)  ( 1000, 2)  ( 1000, 2)  ( 
04/11/25 15:51:24 <RapidFire>: BatchThread:   ( 7, 2)  ( 1, 9)  ( 5, 3)  ( 1000, 3)  ( 1000, 2)  ( 1000, 2)  ( 1000, 2)  ( 1000, 2)  ( 1000, 3)  ( 1000, 3)  ( 3, 1)  ( 2, 11)  ( 5, 8)  ( 5, 9)  ( 4, 2)  ( 7, 6)  ( 1000, 3)  ( 1000, 2)  ( 1000, 2)  
04/11/25 15:51:24 <RapidFire>: BatchThread:   ( 3, 11)  ( 1, 4)  ( 5, 5)  ( 7, 5)  ( 8, 10)  ( 4, 8)  ( 1000, 3)  ( 1000, 2)  ( 1000, 2)  ( 1000, 2)  ( 1000, 2)  ( 1000, 3)  ( 1000, 3)  ( 8, 2)  ( 6, 7)  ( 1, 11)  ( 8, 4)  ( 1, 6)  ( 7, 3)  ( 1000,
04/11/25 15:51:24 <RapidFire>: BatchThread:   ( 1000, 3)  ( 1000, 3)  ( 4, 6)  ( 3, 12)  ( 5, 10)  ( 1, 8)  ( 8, 3)  ( 3, 10)  ( 1000, 3)  ( 1000, 2)  ( 1000, 2)  ( 1000, 2)  ( 1000, 2)  ( 1000, 3)  ( 1000, 3)  ( 4, 1)  ( 2, 4)  ( 8, 7)  ( 6, 6)  (
04/11/25 15:51:24 <RapidFire>: BatchThread:   ( 1000, 2)  ( 1000, 2)  ( 1000, 3)  ( 1000, 3)  ( 2, 1)  ( 7, 8)  ( 5, 4)  ( 1, 1)  ( 3, 6)  ( 7, 12)  ( 1000, 3)  ( 1000, 2)  ( 1000, 2)  ( 1000, 2)  ( 1000, 2)  ( 1000, 3)  ( 1000, 3)  ( 6, 8)  ( 6, 3
04/11/25 15:51:24 <RapidFire>: BatchThread:   ( 1000, 2)  ( 1000, 2)  ( 1000, 2)  ( 1000, 2)  ( 1000, 3)  ( 1000, 3)  ( 6, 1)  ( 7, 11)  ( 5, 1)  ( 7, 9)  ( 6, 10)  ( 2, 9)  ( 1000, 3)  ( 1000, 2)  ( 1000, 2)  ( 1000, 2)  ( 1000, 2)  ( 1000, 3)  ( 
04/11/25 15:51:24 <RapidFire>: BatchThread:   ( 1, 5)  ( 5, 7)  ( 1000, 3)  ( 1000, 2)  ( 1000, 2)  ( 1000, 2)  ( 1000, 2)  ( 1000, 3)  ( 1000, 3)  ( 6, 12)  ( 4, 7)  ( 8, 8)  ( 8, 5)  ( 4, 12)  ( 1, 7)  ( 1000, 3)  ( 1000, 2)  ( 1000, 2)  ( 1000, 
04/11/25 15:51:24 <RapidFire>: BatchThread:   ( 8, 9)  ( 6, 5)  ( 4, 10)  ( 5, 6)  ( 6, 11)  ( 1000, 3)  ( 1000, 2)  ( 1000, 2)  ( 1000, 2)  ( 1000, 2)  ( 1000, 3)  ( 1000, 3)  ( 3, 2)  ( 6, 2)  ( 1000, 3)  ( 1000, 2)  ( 1000, 2)  ( 1000, 2)  ( 100
04/11/25 15:51:24 <Pump1>:set_composition : B = 100%, C = 0%, D = 0%
04/11/25 15:51:24 <Pump2>:set_composition : B = 100%, C = 0%, D = 0%
04/11/25 15:51:24 <Pump3>:set_composition : B = 100%, C = 0%, D = 0%
04/11/25 15:51:24 <Pump4>: turn_on :  pump on
04/11/25 15:51:24 <Pump1>:turn on Pump1
04/11/25 15:51:24 <Pump2>:turn on Pump2
04/11/25 15:51:24 <RapidFire>: BatchThread: turn pumps on, set flow rate
04/11/25 15:51:24 <Pump3>:turn on Pump3
04/11/25 15:51:24 <Pump1>:turn_on : setting on/off = 1
04/11/25 15:51:24 <Pump2>:turn_on : setting on/off = 1
04/11/25 15:51:24 <Pump3>:turn_on : setting on/off = 1
04/11/25 15:51:24 <Pump1>:set_cmd_flow_rate : setting flow rate = 1.25
04/11/25 15:51:24 <Pump2>:set_cmd_flow_rate : setting flow rate = 0.01
04/11/25 15:51:24 <Pump3>:set_cmd_flow_rate : setting flow rate = 1.25
04/11/25 15:51:24 <RapidFire>: BatchThread: all pumps are on
04/11/25 15:51:24 <RapidFire>: RFMassHunterS:Task: Run AddSampleToWorkList
04/11/25 15:51:24 <RapidFire>: RFMassHunterS:Task: Data path : D:\Projects\Default\Data\RapidFire\2025\April\11\005
04/11/25 15:51:24 <RapidFire>: RFMassHunterS:Task: AddSampleToWorkList
04/11/25 15:51:24 <RapidFire>: RFMassHunterS:Task: NewWorkList : Worklist Loaded...
04/11/25 15:51:24 <Pump1>:AgilentPump1200Task :turn on
04/11/25 15:51:24 <Pump3>:AgilentPump1200Task :turn on
04/11/25 15:51:24 <Pump2>:AgilentPump1200Task :turn on
04/11/25 15:51:26 <RapidFire>: BatchThread: pump mixing initiated
04/11/25 15:51:26 <RapidFire>: BatchThread: pump mixing complete
04/11/25 15:51:26 <RapidFire>: BatchThread: START start_ms_data_acquisition
04/11/25 15:51:26 <RapidFire>: BatchThread: wait_mass_spec: 3 (max wait 600 sec)
04/11/25 15:51:26 <RapidFire>: RFMassHunterS:Task: Run RunWorkList
04/11/25 15:51:27 <RapidFire>: RFMassHunterS:Task: run worklist Operation started...
04/11/25 15:51:32 <RapidFire>: RFMassHunterS:Task: OnWorklistRunStarted
04/11/25 15:51:32 <RapidFire>: RFMassHunterS:Task: OnWorklistJobStarted
04/11/25 15:51:33 <RapidFire>: RFMassHunterS:Task: NotifyChangedMS loc = REG[ACTUAL].OBJ[1].NDR[RUNSTATE] value = 8
04/11/25 15:51:35 <RapidFire>: RFMassHunterS:Task: NotifyChangedMS loc = REG[ACTUAL].OBJ[1].NDR[RUNSTATE] value = 7
04/11/25 15:51:41 <RapidFire>: RFMassHunterS:Task: NotifyChangedMS loc = REG[ACTUAL].OBJ[1].NDR[RUNSTATE] value = 10
04/11/25 15:51:42 <RapidFire>: BatchThread: END start_ms_data_acquisition
04/11/25 15:51:42 <RapidFire>: BatchThread: process_well()  ( 1000, 2)
04/11/25 15:51:43 <Sipper>: SipperTask CHECKING SIP SENSOR
04/11/25 15:51:44 <Sipper>: SipperTask SIP SENSOR 0 , 1.173
04/11/25 15:51:44 <Sipper>: SipperTask SIP SENSOR SEES SAMPLE, t = 0.351
04/11/25 15:51:51 <RapidFire>: BatchThread: process_well()  ( 1000, 2)
04/11/25 15:51:58 <Sipper>: SipperTask CHECKING SIP SENSOR
04/11/25 15:51:59 <Sipper>: SipperTask SIP SENSOR 0 , 1.170
04/11/25 15:52:00 <Sipper>: SipperTask SIP SENSOR SEES SAMPLE, t = 0.484
04/11/25 15:52:06 <RapidFire>: BatchThread: process_well()  ( 1000, 2)
04/11/25 15:52:14 <Sipper>: SipperTask CHECKING SIP SENSOR
04/11/25 15:52:15 <Sipper>: SipperTask SIP SENSOR 0 , 1.172
04/11/25 15:52:15 <Sipper>: SipperTask SIP SENSOR SEES SAMPLE, t = 0.442
04/11/25 15:52:22 <RapidFire>: BatchThread: process_well()  ( 1000, 2)
04/11/25 15:52:29 <Sipper>: SipperTask CHECKING SIP SENSOR
04/11/25 15:52:30 <Sipper>: SipperTask SIP SENSOR 0 , 1.170
04/11/25 15:52:31 <Sipper>: SipperTask SIP SENSOR SEES SAMPLE, t = 0.337
04/11/25 15:52:37 <RapidFire>: BatchThread: process_well()  ( 1000, 2)
04/11/25 15:52:44 <Sipper>: SipperTask CHECKING SIP SENSOR
04/11/25 15:52:46 <Sipper>: SipperTask SIP SENSOR 0 , 1.172
04/11/25 15:52:46 <Sipper>: SipperTask SIP SENSOR SEES SAMPLE, t = 0.337
04/11/25 15:52:52 <RapidFire>: BatchThread: process_well()  ( 1000, 3)
04/11/25 15:53:00 <Sipper>: SipperTask CHECKING SIP SENSOR
04/11/25 15:53:01 <Sipper>: SipperTask SIP SENSOR 0 , 1.139
04/11/25 15:53:01 <Sipper>: SipperTask SIP SENSOR SEES SAMPLE, t = 0.388
04/11/25 15:53:07 <RapidFire>: BatchThread: process_well()  ( 1000, 3)
04/11/25 15:53:15 <Sipper>: SipperTask CHECKING SIP SENSOR
04/11/25 15:53:16 <Sipper>: SipperTask SIP SENSOR 0 , 1.159
04/11/25 15:53:17 <Sipper>: SipperTask SIP SENSOR SEES SAMPLE, t = 0.379
04/11/25 15:53:23 <RapidFire>: BatchThread: process_well()  ( 2, 8)
04/11/25 15:53:30 <Sipper>: SipperTask CHECKING SIP SENSOR
04/11/25 15:53:31 <Sipper>: SipperTask SIP SENSOR 0 , 0.814
04/11/25 15:53:32 <Sipper>: SipperTask NEVER SAW SIP SENSOR OUTPUT, t = 0.601
04/11/25 15:53:37 <RapidFire>: BatchThread: process_well()  ( 3, 7)
04/11/25 15:53:46 <Sipper>: SipperTask CHECKING SIP SENSOR
04/11/25 15:53:46 <Sipper>: SipperTask SIP SENSOR 0 , 0.809
04/11/25 15:53:47 <Sipper>: SipperTask NEVER SAW SIP SENSOR OUTPUT, t = 0.600
04/11/25 15:53:53 <RapidFire>: BatchThread: process_well()  ( 2, 6)
04/11/25 15:54:01 <Sipper>: SipperTask CHECKING SIP SENSOR
04/11/25 15:54:02 <Sipper>: SipperTask SIP SENSOR 0 , 0.812
04/11/25 15:54:02 <Sipper>: SipperTask NEVER SAW SIP SENSOR OUTPUT, t = 0.600
04/11/25 15:54:08 <RapidFire>: BatchThread: process_well()  ( 5, 11)
04/11/25 15:54:16 <Sipper>: SipperTask CHECKING SIP SENSOR
04/11/25 15:54:17 <Sipper>: SipperTask SIP SENSOR 0 , 0.810
04/11/25 15:54:17 <Sipper>: SipperTask NEVER SAW SIP SENSOR OUTPUT, t = 0.600
04/11/25 15:54:23 <RapidFire>: BatchThread: process_well()  ( 8, 12)
04/11/25 15:54:31 <Sipper>: SipperTask CHECKING SIP SENSOR
04/11/25 15:54:32 <Sipper>: SipperTask SIP SENSOR 0 , 0.809
04/11/25 15:54:33 <Sipper>: SipperTask SIP SENSOR SEES SAMPLE, t = 0.590
04/11/25 15:54:38 <RapidFire>: BatchThread: process_well()  ( 3, 5)
04/11/25 15:54:46 <Sipper>: SipperTask CHECKING SIP SENSOR
04/11/25 15:54:47 <Sipper>: SipperTask SIP SENSOR 0 , 0.813
04/11/25 15:54:48 <Sipper>: SipperTask NEVER SAW SIP SENSOR OUTPUT, t = 0.602
04/11/25 15:54:54 <RapidFire>: BatchThread: process_well()  ( 1000, 3)
04/11/25 15:55:02 <Sipper>: SipperTask CHECKING SIP SENSOR
04/11/25 15:55:03 <Sipper>: SipperTask SIP SENSOR 0 , 1.153
04/11/25 15:55:03 <Sipper>: SipperTask SIP SENSOR SEES SAMPLE, t = 0.429
04/11/25 15:55:09 <RapidFire>: BatchThread: process_well()  ( 1000, 2)
04/11/25 15:55:17 <Sipper>: SipperTask CHECKING SIP SENSOR
04/11/25 15:55:18 <Sipper>: SipperTask SIP SENSOR 0 , 1.174
04/11/25 15:55:19 <Sipper>: SipperTask SIP SENSOR SEES SAMPLE, t = 0.412
04/11/25 15:55:25 <RapidFire>: BatchThread: process_well()  ( 1000, 2)
04/11/25 15:55:33 <Sipper>: SipperTask CHECKING SIP SENSOR
04/11/25 15:55:34 <Sipper>: SipperTask SIP SENSOR 0 , 1.170
04/11/25 15:55:34 <Sipper>: SipperTask SIP SENSOR SEES SAMPLE, t = 0.437
04/11/25 15:55:40 <RapidFire>: BatchThread: process_well()  ( 1000, 2)
04/11/25 15:55:48 <Sipper>: SipperTask CHECKING SIP SENSOR
04/11/25 15:55:49 <Sipper>: SipperTask SIP SENSOR 0 , 1.168
04/11/25 15:55:50 <Sipper>: SipperTask SIP SENSOR SEES SAMPLE, t = 0.454
04/11/25 15:55:56 <RapidFire>: BatchThread: process_well()  ( 1000, 2)
04/11/25 15:56:03 <Sipper>: SipperTask CHECKING SIP SENSOR
04/11/25 15:56:05 <Sipper>: SipperTask SIP SENSOR 0 , 1.171
04/11/25 15:56:05 <Sipper>: SipperTask SIP SENSOR SEES SAMPLE, t = 0.392
04/11/25 15:56:11 <RapidFire>: BatchThread: process_well()  ( 1000, 3)
04/11/25 15:56:19 <Sipper>: SipperTask CHECKING SIP SENSOR
04/11/25 15:56:20 <Sipper>: SipperTask SIP SENSOR 0 , 1.152
04/11/25 15:56:20 <Sipper>: SipperTask SIP SENSOR SEES SAMPLE, t = 0.417
04/11/25 15:56:26 <RapidFire>: BatchThread: process_well()  ( 1000, 3)
04/11/25 15:56:34 <Sipper>: SipperTask CHECKING SIP SENSOR
04/11/25 15:56:35 <Sipper>: SipperTask SIP SENSOR 0 , 1.152
04/11/25 15:56:36 <Sipper>: SipperTask SIP SENSOR SEES SAMPLE, t = 0.425
04/11/25 15:56:42 <RapidFire>: BatchThread: process_well()  ( 8, 1)
04/11/25 15:56:49 <Sipper>: SipperTask CHECKING SIP SENSOR
04/11/25 15:56:50 <Sipper>: SipperTask SIP SENSOR 0 , 0.802
04/11/25 15:56:51 <Sipper>: SipperTask NEVER SAW SIP SENSOR OUTPUT, t = 0.601
04/11/25 15:56:57 <RapidFire>: BatchThread: process_well()  ( 2, 10)
04/11/25 15:57:05 <Sipper>: SipperTask CHECKING SIP SENSOR
04/11/25 15:57:05 <Sipper>: SipperTask SIP SENSOR 0 , 0.810
04/11/25 15:57:06 <Sipper>: SipperTask NEVER SAW SIP SENSOR OUTPUT, t = 0.601
04/11/25 15:57:12 <RapidFire>: BatchThread: process_well()  ( 2, 12)
04/11/25 15:57:20 <Sipper>: SipperTask CHECKING SIP SENSOR
04/11/25 15:57:21 <Sipper>: SipperTask SIP SENSOR 0 , 0.809
04/11/25 15:57:21 <Sipper>: SipperTask NEVER SAW SIP SENSOR OUTPUT, t = 0.601
04/11/25 15:57:27 <RapidFire>: BatchThread: process_well()  ( 7, 2)
04/11/25 15:57:35 <Sipper>: SipperTask CHECKING SIP SENSOR
04/11/25 15:57:36 <Sipper>: SipperTask SIP SENSOR 0 , 0.814
04/11/25 15:57:37 <Sipper>: SipperTask NEVER SAW SIP SENSOR OUTPUT, t = 0.601
04/11/25 15:57:42 <RapidFire>: BatchThread: process_well()  ( 1, 9)
04/11/25 15:57:50 <Sipper>: SipperTask CHECKING SIP SENSOR
04/11/25 15:57:51 <Sipper>: SipperTask SIP SENSOR 0 , 0.815
04/11/25 15:57:52 <Sipper>: SipperTask NEVER SAW SIP SENSOR OUTPUT, t = 0.601
04/11/25 15:57:57 <RapidFire>: BatchThread: process_well()  ( 5, 3)
04/11/25 15:58:06 <Sipper>: SipperTask CHECKING SIP SENSOR
04/11/25 15:58:06 <Sipper>: SipperTask SIP SENSOR 0 , 0.814
04/11/25 15:58:07 <Sipper>: SipperTask SIP SENSOR SEES SAMPLE, t = 0.588
04/11/25 15:58:13 <RapidFire>: BatchThread: process_well()  ( 1000, 3)
04/11/25 15:58:21 <Sipper>: SipperTask CHECKING SIP SENSOR
04/11/25 15:58:22 <Sipper>: SipperTask SIP SENSOR 0 , 1.155
04/11/25 15:58:22 <Sipper>: SipperTask SIP SENSOR SEES SAMPLE, t = 0.462
04/11/25 15:58:29 <RapidFire>: BatchThread: process_well()  ( 1000, 2)
04/11/25 15:58:36 <Sipper>: SipperTask CHECKING SIP SENSOR
04/11/25 15:58:37 <Sipper>: SipperTask SIP SENSOR 0 , 1.172
04/11/25 15:58:38 <Sipper>: SipperTask SIP SENSOR SEES SAMPLE, t = 0.423
04/11/25 15:58:44 <RapidFire>: BatchThread: process_well()  ( 1000, 2)
04/11/25 15:58:52 <Sipper>: SipperTask CHECKING SIP SENSOR
04/11/25 15:58:53 <Sipper>: SipperTask SIP SENSOR 0 , 1.174
04/11/25 15:58:53 <Sipper>: SipperTask SIP SENSOR SEES SAMPLE, t = 0.421
04/11/25 15:58:59 <RapidFire>: BatchThread: process_well()  ( 1000, 2)
04/11/25 15:59:07 <Sipper>: SipperTask CHECKING SIP SENSOR
04/11/25 15:59:08 <Sipper>: SipperTask SIP SENSOR 0 , 1.173
04/11/25 15:59:09 <Sipper>: SipperTask SIP SENSOR SEES SAMPLE, t = 0.409
04/11/25 15:59:15 <RapidFire>: BatchThread: process_well()  ( 1000, 2)
04/11/25 15:59:22 <Sipper>: SipperTask CHECKING SIP SENSOR
04/11/25 15:59:24 <Sipper>: SipperTask SIP SENSOR 0 , 1.171
04/11/25 15:59:24 <Sipper>: SipperTask SIP SENSOR SEES SAMPLE, t = 0.476
04/11/25 15:59:30 <RapidFire>: BatchThread: process_well()  ( 1000, 3)
04/11/25 15:59:38 <Sipper>: SipperTask CHECKING SIP SENSOR
04/11/25 15:59:39 <Sipper>: SipperTask SIP SENSOR 0 , 1.142
04/11/25 15:59:39 <Sipper>: SipperTask SIP SENSOR SEES SAMPLE, t = 0.411
04/11/25 15:59:46 <RapidFire>: BatchThread: process_well()  ( 1000, 3)
04/11/25 15:59:53 <Sipper>: SipperTask CHECKING SIP SENSOR
04/11/25 15:59:54 <Sipper>: SipperTask SIP SENSOR 0 , 1.139
04/11/25 15:59:55 <Sipper>: SipperTask SIP SENSOR SEES SAMPLE, t = 0.369
04/11/25 16:00:01 <RapidFire>: BatchThread: process_well()  ( 3, 1)
04/11/25 16:00:08 <Sipper>: SipperTask CHECKING SIP SENSOR
04/11/25 16:00:09 <Sipper>: SipperTask SIP SENSOR 0 , 0.810
04/11/25 16:00:10 <Sipper>: SipperTask SIP SENSOR SEES SAMPLE, t = 0.540
04/11/25 16:00:16 <RapidFire>: BatchThread: process_well()  ( 2, 11)
04/11/25 16:00:24 <Sipper>: SipperTask CHECKING SIP SENSOR
04/11/25 16:00:24 <Sipper>: SipperTask SIP SENSOR 0 , 0.809
04/11/25 16:00:25 <Sipper>: SipperTask SIP SENSOR SEES SAMPLE, t = 0.526
04/11/25 16:00:31 <RapidFire>: BatchThread: process_well()  ( 5, 8)
04/11/25 16:00:39 <Sipper>: SipperTask CHECKING SIP SENSOR
04/11/25 16:00:40 <Sipper>: SipperTask SIP SENSOR 0 , 0.813
04/11/25 16:00:40 <Sipper>: SipperTask SIP SENSOR SEES SAMPLE, t = 0.586
04/11/25 16:00:46 <RapidFire>: BatchThread: process_well()  ( 5, 9)
04/11/25 16:00:54 <Sipper>: SipperTask CHECKING SIP SENSOR
04/11/25 16:00:55 <Sipper>: SipperTask SIP SENSOR 0 , 0.811
04/11/25 16:00:55 <Sipper>: SipperTask SIP SENSOR SEES SAMPLE, t = 0.580
04/11/25 16:01:01 <RapidFire>: BatchThread: process_well()  ( 4, 2)
04/11/25 16:01:09 <Sipper>: SipperTask CHECKING SIP SENSOR
04/11/25 16:01:10 <Sipper>: SipperTask SIP SENSOR 0 , 0.814
04/11/25 16:01:11 <Sipper>: SipperTask SIP SENSOR SEES SAMPLE, t = 0.550
04/11/25 16:01:16 <RapidFire>: BatchThread: process_well()  ( 7, 6)
04/11/25 16:01:24 <Sipper>: SipperTask CHECKING SIP SENSOR
04/11/25 16:01:25 <Sipper>: SipperTask SIP SENSOR 0 , 0.810
04/11/25 16:01:26 <Sipper>: SipperTask SIP SENSOR SEES SAMPLE, t = 0.541
04/11/25 16:01:31 <RapidFire>: BatchThread: process_well()  ( 1000, 3)
04/11/25 16:01:39 <Sipper>: SipperTask CHECKING SIP SENSOR
04/11/25 16:01:41 <Sipper>: SipperTask SIP SENSOR 0 , 1.153
04/11/25 16:01:41 <Sipper>: SipperTask SIP SENSOR SEES SAMPLE, t = 0.369
04/11/25 16:01:47 <RapidFire>: BatchThread: process_well()  ( 1000, 2)
04/11/25 16:01:55 <Sipper>: SipperTask CHECKING SIP SENSOR
04/11/25 16:01:56 <Sipper>: SipperTask SIP SENSOR 0 , 1.170
04/11/25 16:01:56 <Sipper>: SipperTask SIP SENSOR SEES SAMPLE, t = 0.341
04/11/25 16:02:03 <RapidFire>: BatchThread: process_well()  ( 1000, 2)
04/11/25 16:02:10 <Sipper>: SipperTask CHECKING SIP SENSOR
04/11/25 16:02:11 <Sipper>: SipperTask SIP SENSOR 0 , 1.176
04/11/25 16:02:12 <Sipper>: SipperTask SIP SENSOR SEES SAMPLE, t = 0.340
04/11/25 16:02:18 <RapidFire>: BatchThread: process_well()  ( 1000, 2)
04/11/25 16:02:26 <Sipper>: SipperTask CHECKING SIP SENSOR
04/11/25 16:02:27 <Sipper>: SipperTask SIP SENSOR 0 , 1.170
04/11/25 16:02:27 <Sipper>: SipperTask SIP SENSOR SEES SAMPLE, t = 0.368
04/11/25 16:02:33 <RapidFire>: BatchThread: process_well()  ( 1000, 2)
04/11/25 16:02:41 <Sipper>: SipperTask CHECKING SIP SENSOR
04/11/25 16:02:42 <Sipper>: SipperTask SIP SENSOR 0 , 1.176
04/11/25 16:02:42 <Sipper>: SipperTask SIP SENSOR SEES SAMPLE, t = 0.354
04/11/25 16:02:49 <RapidFire>: BatchThread: process_well()  ( 1000, 3)
04/11/25 16:02:56 <Sipper>: SipperTask CHECKING SIP SENSOR
04/11/25 16:02:57 <Sipper>: SipperTask SIP SENSOR 0 , 1.155
04/11/25 16:02:58 <Sipper>: SipperTask SIP SENSOR SEES SAMPLE, t = 0.356
04/11/25 16:03:04 <RapidFire>: BatchThread: process_well()  ( 1000, 3)
04/11/25 16:03:11 <Sipper>: SipperTask CHECKING SIP SENSOR
04/11/25 16:03:13 <Sipper>: SipperTask SIP SENSOR 0 , 1.139
04/11/25 16:03:13 <Sipper>: SipperTask SIP SENSOR SEES SAMPLE, t = 0.371
04/11/25 16:03:19 <RapidFire>: BatchThread: process_well()  ( 3, 11)
04/11/25 16:03:27 <Sipper>: SipperTask CHECKING SIP SENSOR
04/11/25 16:03:28 <Sipper>: SipperTask SIP SENSOR 0 , 0.807
04/11/25 16:03:28 <Sipper>: SipperTask SIP SENSOR SEES SAMPLE, t = 0.525
04/11/25 16:03:34 <RapidFire>: BatchThread: process_well()  ( 1, 4)
04/11/25 16:03:42 <Sipper>: SipperTask CHECKING SIP SENSOR
04/11/25 16:03:43 <Sipper>: SipperTask SIP SENSOR 0 , 0.815
04/11/25 16:03:43 <Sipper>: SipperTask SIP SENSOR SEES SAMPLE, t = 0.535
04/11/25 16:03:49 <RapidFire>: BatchThread: process_well()  ( 5, 5)
04/11/25 16:03:57 <Sipper>: SipperTask CHECKING SIP SENSOR
04/11/25 16:03:58 <Sipper>: SipperTask SIP SENSOR 0 , 0.812
04/11/25 16:03:58 <Sipper>: SipperTask SIP SENSOR SEES SAMPLE, t = 0.580
04/11/25 16:04:04 <RapidFire>: BatchThread: process_well()  ( 7, 5)
04/11/25 16:04:12 <Sipper>: SipperTask CHECKING SIP SENSOR
04/11/25 16:04:13 <Sipper>: SipperTask SIP SENSOR 0 , 0.814
04/11/25 16:04:14 <Sipper>: SipperTask SIP SENSOR SEES SAMPLE, t = 0.537
04/11/25 16:04:19 <RapidFire>: BatchThread: process_well()  ( 8, 10)
04/11/25 16:04:27 <Sipper>: SipperTask CHECKING SIP SENSOR
04/11/25 16:04:28 <Sipper>: SipperTask SIP SENSOR 0 , 0.814
04/11/25 16:04:29 <Sipper>: SipperTask SIP SENSOR SEES SAMPLE, t = 0.534
04/11/25 16:04:35 <RapidFire>: BatchThread: process_well()  ( 4, 8)
04/11/25 16:04:42 <Sipper>: SipperTask CHECKING SIP SENSOR
04/11/25 16:04:43 <Sipper>: SipperTask SIP SENSOR 0 , 0.809
04/11/25 16:04:44 <Sipper>: SipperTask SIP SENSOR SEES SAMPLE, t = 0.544
04/11/25 16:04:49 <RapidFire>: BatchThread: process_well()  ( 1000, 3)
04/11/25 16:04:58 <Sipper>: SipperTask CHECKING SIP SENSOR
04/11/25 16:04:59 <Sipper>: SipperTask SIP SENSOR 0 , 1.141
04/11/25 16:04:59 <Sipper>: SipperTask SIP SENSOR SEES SAMPLE, t = 0.384
04/11/25 16:05:05 <RapidFire>: BatchThread: process_well()  ( 1000, 2)
04/11/25 16:05:13 <Sipper>: SipperTask CHECKING SIP SENSOR
04/11/25 16:05:14 <Sipper>: SipperTask SIP SENSOR 0 , 1.164
04/11/25 16:05:15 <Sipper>: SipperTask SIP SENSOR SEES SAMPLE, t = 0.397
04/11/25 16:05:21 <RapidFire>: BatchThread: process_well()  ( 1000, 2)
04/11/25 16:05:28 <Sipper>: SipperTask CHECKING SIP SENSOR
04/11/25 16:05:29 <Sipper>: SipperTask SIP SENSOR 0 , 1.169
04/11/25 16:05:30 <Sipper>: SipperTask SIP SENSOR SEES SAMPLE, t = 0.369
04/11/25 16:05:36 <RapidFire>: BatchThread: process_well()  ( 1000, 2)
04/11/25 16:05:44 <Sipper>: SipperTask CHECKING SIP SENSOR
04/11/25 16:05:45 <Sipper>: SipperTask SIP SENSOR 0 , 1.171
04/11/25 16:05:45 <Sipper>: SipperTask SIP SENSOR SEES SAMPLE, t = 0.377
04/11/25 16:05:52 <RapidFire>: BatchThread: process_well()  ( 1000, 2)
04/11/25 16:05:59 <Sipper>: SipperTask CHECKING SIP SENSOR
04/11/25 16:06:00 <Sipper>: SipperTask SIP SENSOR 0 , 1.166
04/11/25 16:06:01 <Sipper>: SipperTask SIP SENSOR SEES SAMPLE, t = 0.423
04/11/25 16:06:07 <RapidFire>: BatchThread: process_well()  ( 1000, 3)
04/11/25 16:06:14 <Sipper>: SipperTask CHECKING SIP SENSOR
04/11/25 16:06:16 <Sipper>: SipperTask SIP SENSOR 0 , 1.144
04/11/25 16:06:16 <Sipper>: SipperTask SIP SENSOR SEES SAMPLE, t = 0.410
04/11/25 16:06:22 <RapidFire>: BatchThread: process_well()  ( 1000, 3)
04/11/25 16:06:30 <Sipper>: SipperTask CHECKING SIP SENSOR
04/11/25 16:06:31 <Sipper>: SipperTask SIP SENSOR 0 , 1.144
04/11/25 16:06:31 <Sipper>: SipperTask SIP SENSOR SEES SAMPLE, t = 0.407
04/11/25 16:06:37 <RapidFire>: BatchThread: process_well()  ( 8, 2)
04/11/25 16:06:45 <Sipper>: SipperTask CHECKING SIP SENSOR
04/11/25 16:06:46 <Sipper>: SipperTask SIP SENSOR 0 , 0.817
04/11/25 16:06:47 <Sipper>: SipperTask SIP SENSOR SEES SAMPLE, t = 0.588
04/11/25 16:06:52 <RapidFire>: BatchThread: process_well()  ( 6, 7)
04/11/25 16:07:00 <Sipper>: SipperTask CHECKING SIP SENSOR
04/11/25 16:07:01 <Sipper>: SipperTask SIP SENSOR 0 , 0.809
04/11/25 16:07:02 <Sipper>: SipperTask NEVER SAW SIP SENSOR OUTPUT, t = 0.601
04/11/25 16:07:08 <RapidFire>: BatchThread: process_well()  ( 1, 11)
04/11/25 16:07:16 <Sipper>: SipperTask CHECKING SIP SENSOR
04/11/25 16:07:16 <Sipper>: SipperTask SIP SENSOR 0 , 0.814
04/11/25 16:07:17 <Sipper>: SipperTask SIP SENSOR SEES SAMPLE, t = 0.542
04/11/25 16:07:23 <RapidFire>: BatchThread: process_well()  ( 8, 4)
04/11/25 16:07:31 <Sipper>: SipperTask CHECKING SIP SENSOR
04/11/25 16:07:32 <Sipper>: SipperTask SIP SENSOR 0 , 0.811
04/11/25 16:07:32 <Sipper>: SipperTask SIP SENSOR SEES SAMPLE, t = 0.547
04/11/25 16:07:38 <RapidFire>: BatchThread: process_well()  ( 1, 6)
04/11/25 16:07:46 <Sipper>: SipperTask CHECKING SIP SENSOR
04/11/25 16:07:47 <Sipper>: SipperTask SIP SENSOR 0 , 0.810
04/11/25 16:07:47 <Sipper>: SipperTask SIP SENSOR SEES SAMPLE, t = 0.561
04/11/25 16:07:53 <RapidFire>: BatchThread: process_well()  ( 7, 3)
04/11/25 16:08:01 <Sipper>: SipperTask CHECKING SIP SENSOR
04/11/25 16:08:02 <Sipper>: SipperTask SIP SENSOR 0 , 0.810
04/11/25 16:08:03 <Sipper>: SipperTask NEVER SAW SIP SENSOR OUTPUT, t = 0.602
04/11/25 16:08:08 <RapidFire>: BatchThread: process_well()  ( 1000, 3)
04/11/25 16:08:16 <Sipper>: SipperTask CHECKING SIP SENSOR
04/11/25 16:08:18 <Sipper>: SipperTask SIP SENSOR 0 , 1.156
04/11/25 16:08:18 <Sipper>: SipperTask SIP SENSOR SEES SAMPLE, t = 0.417
04/11/25 16:08:24 <RapidFire>: BatchThread: process_well()  ( 1000, 2)
04/11/25 16:08:32 <Sipper>: SipperTask CHECKING SIP SENSOR
04/11/25 16:08:33 <Sipper>: SipperTask SIP SENSOR 0 , 1.169
04/11/25 16:08:33 <Sipper>: SipperTask SIP SENSOR SEES SAMPLE, t = 0.437
04/11/25 16:08:40 <RapidFire>: BatchThread: process_well()  ( 1000, 2)
04/11/25 16:08:47 <Sipper>: SipperTask CHECKING SIP SENSOR
04/11/25 16:08:48 <Sipper>: SipperTask SIP SENSOR 0 , 1.174
04/11/25 16:08:49 <Sipper>: SipperTask SIP SENSOR SEES SAMPLE, t = 0.373
04/11/25 16:08:55 <RapidFire>: BatchThread: process_well()  ( 1000, 2)
04/11/25 16:09:03 <Sipper>: SipperTask CHECKING SIP SENSOR
04/11/25 16:09:04 <Sipper>: SipperTask SIP SENSOR 0 , 1.170
04/11/25 16:09:04 <Sipper>: SipperTask SIP SENSOR SEES SAMPLE, t = 0.374
04/11/25 16:09:10 <RapidFire>: BatchThread: process_well()  ( 1000, 2)
04/11/25 16:09:18 <Sipper>: SipperTask CHECKING SIP SENSOR
04/11/25 16:09:19 <Sipper>: SipperTask SIP SENSOR 0 , 1.173
04/11/25 16:09:19 <Sipper>: SipperTask SIP SENSOR SEES SAMPLE, t = 0.389
04/11/25 16:09:26 <RapidFire>: BatchThread: process_well()  ( 1000, 3)
04/11/25 16:09:33 <Sipper>: SipperTask CHECKING SIP SENSOR
04/11/25 16:09:34 <Sipper>: SipperTask SIP SENSOR 0 , 1.140
04/11/25 16:09:35 <Sipper>: SipperTask SIP SENSOR SEES SAMPLE, t = 0.401
04/11/25 16:09:41 <RapidFire>: BatchThread: process_well()  ( 1000, 3)
04/11/25 16:09:49 <Sipper>: SipperTask CHECKING SIP SENSOR
04/11/25 16:09:50 <Sipper>: SipperTask SIP SENSOR 0 , 1.157
04/11/25 16:09:50 <Sipper>: SipperTask SIP SENSOR SEES SAMPLE, t = 0.379
04/11/25 16:09:56 <RapidFire>: BatchThread: process_well()  ( 4, 6)
04/11/25 16:10:04 <Sipper>: SipperTask CHECKING SIP SENSOR
04/11/25 16:10:05 <Sipper>: SipperTask SIP SENSOR 0 , 0.814
04/11/25 16:10:05 <Sipper>: SipperTask SIP SENSOR SEES SAMPLE, t = 0.544
04/11/25 16:10:11 <RapidFire>: BatchThread: process_well()  ( 3, 12)
04/11/25 16:10:19 <Sipper>: SipperTask CHECKING SIP SENSOR
04/11/25 16:10:20 <Sipper>: SipperTask SIP SENSOR 0 , 0.810
04/11/25 16:10:20 <Sipper>: SipperTask SIP SENSOR SEES SAMPLE, t = 0.536
04/11/25 16:10:26 <RapidFire>: BatchThread: process_well()  ( 5, 10)
04/11/25 16:10:34 <Sipper>: SipperTask CHECKING SIP SENSOR
04/11/25 16:10:35 <Sipper>: SipperTask SIP SENSOR 0 , 0.813
04/11/25 16:10:36 <Sipper>: SipperTask SIP SENSOR SEES SAMPLE, t = 0.563
04/11/25 16:10:41 <RapidFire>: BatchThread: process_well()  ( 1, 8)
04/11/25 16:10:49 <Sipper>: SipperTask CHECKING SIP SENSOR
04/11/25 16:10:50 <Sipper>: SipperTask SIP SENSOR 0 , 0.811
04/11/25 16:10:51 <Sipper>: SipperTask SIP SENSOR SEES SAMPLE, t = 0.557
04/11/25 16:10:56 <RapidFire>: BatchThread: process_well()  ( 8, 3)
04/11/25 16:11:05 <Sipper>: SipperTask CHECKING SIP SENSOR
04/11/25 16:11:05 <Sipper>: SipperTask SIP SENSOR 0 , 0.807
04/11/25 16:11:06 <Sipper>: SipperTask SIP SENSOR SEES SAMPLE, t = 0.547
04/11/25 16:11:12 <RapidFire>: BatchThread: process_well()  ( 3, 10)
04/11/25 16:11:20 <Sipper>: SipperTask CHECKING SIP SENSOR
04/11/25 16:11:21 <Sipper>: SipperTask SIP SENSOR 0 , 0.818
04/11/25 16:11:21 <Sipper>: SipperTask NEVER SAW SIP SENSOR OUTPUT, t = 0.601
04/11/25 16:11:27 <RapidFire>: BatchThread: process_well()  ( 1000, 3)
04/11/25 16:11:35 <Sipper>: SipperTask CHECKING SIP SENSOR
04/11/25 16:11:36 <Sipper>: SipperTask SIP SENSOR 0 , 1.142
04/11/25 16:11:37 <Sipper>: SipperTask SIP SENSOR SEES SAMPLE, t = 0.430
04/11/25 16:11:43 <RapidFire>: BatchThread: process_well()  ( 1000, 2)
04/11/25 16:11:50 <Sipper>: SipperTask CHECKING SIP SENSOR
04/11/25 16:11:52 <Sipper>: SipperTask SIP SENSOR 0 , 1.169
04/11/25 16:11:52 <Sipper>: SipperTask SIP SENSOR SEES SAMPLE, t = 0.416
04/11/25 16:11:58 <RapidFire>: BatchThread: process_well()  ( 1000, 2)
04/11/25 16:12:06 <Sipper>: SipperTask CHECKING SIP SENSOR
04/11/25 16:12:07 <Sipper>: SipperTask SIP SENSOR 0 , 1.168
04/11/25 16:12:07 <Sipper>: SipperTask SIP SENSOR SEES SAMPLE, t = 0.368
04/11/25 16:12:14 <RapidFire>: BatchThread: process_well()  ( 1000, 2)
04/11/25 16:12:21 <Sipper>: SipperTask CHECKING SIP SENSOR
04/11/25 16:12:22 <Sipper>: SipperTask SIP SENSOR 0 , 1.173
04/11/25 16:12:23 <Sipper>: SipperTask SIP SENSOR SEES SAMPLE, t = 0.349
04/11/25 16:12:29 <RapidFire>: BatchThread: process_well()  ( 1000, 2)
04/11/25 16:12:36 <Sipper>: SipperTask CHECKING SIP SENSOR
04/11/25 16:12:38 <Sipper>: SipperTask SIP SENSOR 0 , 1.169
04/11/25 16:12:38 <Sipper>: SipperTask SIP SENSOR SEES SAMPLE, t = 0.376
04/11/25 16:12:44 <RapidFire>: BatchThread: process_well()  ( 1000, 3)
04/11/25 16:12:52 <Sipper>: SipperTask CHECKING SIP SENSOR
04/11/25 16:12:53 <Sipper>: SipperTask SIP SENSOR 0 , 1.153
04/11/25 16:12:53 <Sipper>: SipperTask SIP SENSOR SEES SAMPLE, t = 0.365
04/11/25 16:12:59 <RapidFire>: BatchThread: process_well()  ( 1000, 3)
04/11/25 16:13:07 <Sipper>: SipperTask CHECKING SIP SENSOR
04/11/25 16:13:08 <Sipper>: SipperTask SIP SENSOR 0 , 1.159
04/11/25 16:13:09 <Sipper>: SipperTask SIP SENSOR SEES SAMPLE, t = 0.338
04/11/25 16:13:15 <RapidFire>: BatchThread: process_well()  ( 4, 1)
04/11/25 16:13:22 <Sipper>: SipperTask CHECKING SIP SENSOR
04/11/25 16:13:23 <Sipper>: SipperTask SIP SENSOR 0 , 0.811
04/11/25 16:13:24 <Sipper>: SipperTask SIP SENSOR SEES SAMPLE, t = 0.548
04/11/25 16:13:30 <RapidFire>: BatchThread: process_well()  ( 2, 4)
04/11/25 16:13:38 <Sipper>: SipperTask CHECKING SIP SENSOR
04/11/25 16:13:38 <Sipper>: SipperTask SIP SENSOR 0 , 0.810
04/11/25 16:13:39 <Sipper>: SipperTask SIP SENSOR SEES SAMPLE, t = 0.551
04/11/25 16:13:45 <RapidFire>: BatchThread: process_well()  ( 8, 7)
04/11/25 16:13:53 <Sipper>: SipperTask CHECKING SIP SENSOR
04/11/25 16:13:54 <Sipper>: SipperTask SIP SENSOR 0 , 0.814
04/11/25 16:13:54 <Sipper>: SipperTask SIP SENSOR SEES SAMPLE, t = 0.539
04/11/25 16:14:00 <RapidFire>: BatchThread: process_well()  ( 6, 6)
04/11/25 16:14:08 <Sipper>: SipperTask CHECKING SIP SENSOR
04/11/25 16:14:09 <Sipper>: SipperTask SIP SENSOR 0 , 0.814
04/11/25 16:14:09 <Sipper>: SipperTask SIP SENSOR SEES SAMPLE, t = 0.585
04/11/25 16:14:15 <RapidFire>: BatchThread: process_well()  ( 7, 7)
04/11/25 16:14:23 <Sipper>: SipperTask CHECKING SIP SENSOR
04/11/25 16:14:24 <Sipper>: SipperTask SIP SENSOR 0 , 0.816
04/11/25 16:14:25 <Sipper>: SipperTask NEVER SAW SIP SENSOR OUTPUT, t = 0.600
04/11/25 16:14:30 <RapidFire>: BatchThread: process_well()  ( 2, 3)
04/11/25 16:14:38 <Sipper>: SipperTask CHECKING SIP SENSOR
04/11/25 16:14:39 <Sipper>: SipperTask SIP SENSOR 0 , 0.811
04/11/25 16:14:40 <Sipper>: SipperTask NEVER SAW SIP SENSOR OUTPUT, t = 0.602
04/11/25 16:14:46 <RapidFire>: BatchThread: process_well()  ( 1000, 3)
04/11/25 16:14:54 <Sipper>: SipperTask CHECKING SIP SENSOR
04/11/25 16:14:55 <Sipper>: SipperTask SIP SENSOR 0 , 1.155
04/11/25 16:14:55 <Sipper>: SipperTask SIP SENSOR SEES SAMPLE, t = 0.369
04/11/25 16:15:01 <RapidFire>: BatchThread: process_well()  ( 1000, 2)
04/11/25 16:15:09 <Sipper>: SipperTask CHECKING SIP SENSOR
04/11/25 16:15:10 <Sipper>: SipperTask SIP SENSOR 0 , 1.169
04/11/25 16:15:11 <Sipper>: SipperTask SIP SENSOR SEES SAMPLE, t = 0.405
04/11/25 16:15:17 <RapidFire>: BatchThread: process_well()  ( 1000, 2)
04/11/25 16:15:24 <Sipper>: SipperTask CHECKING SIP SENSOR
04/11/25 16:15:25 <Sipper>: SipperTask SIP SENSOR 0 , 1.168
04/11/25 16:15:26 <Sipper>: SipperTask SIP SENSOR SEES SAMPLE, t = 0.461
04/11/25 16:15:32 <RapidFire>: BatchThread: process_well()  ( 1000, 2)
04/11/25 16:15:40 <Sipper>: SipperTask CHECKING SIP SENSOR
04/11/25 16:15:41 <Sipper>: SipperTask SIP SENSOR 0 , 1.174
04/11/25 16:15:41 <Sipper>: SipperTask SIP SENSOR SEES SAMPLE, t = 0.450
04/11/25 16:15:48 <RapidFire>: BatchThread: process_well()  ( 1000, 2)
04/11/25 16:15:55 <Sipper>: SipperTask CHECKING SIP SENSOR
04/11/25 16:15:56 <Sipper>: SipperTask SIP SENSOR 0 , 1.171
04/11/25 16:15:57 <Sipper>: SipperTask SIP SENSOR SEES SAMPLE, t = 0.458
04/11/25 16:16:03 <RapidFire>: BatchThread: process_well()  ( 1000, 3)
04/11/25 16:16:11 <Sipper>: SipperTask CHECKING SIP SENSOR
04/11/25 16:16:12 <Sipper>: SipperTask SIP SENSOR 0 , 1.158
04/11/25 16:16:12 <Sipper>: SipperTask SIP SENSOR SEES SAMPLE, t = 0.431
04/11/25 16:16:18 <RapidFire>: BatchThread: process_well()  ( 1000, 3)
04/11/25 16:16:26 <Sipper>: SipperTask CHECKING SIP SENSOR
04/11/25 16:16:27 <Sipper>: SipperTask SIP SENSOR 0 , 1.154
04/11/25 16:16:28 <Sipper>: SipperTask SIP SENSOR SEES SAMPLE, t = 0.397
04/11/25 16:16:34 <RapidFire>: BatchThread: process_well()  ( 2, 1)
04/11/25 16:16:41 <Sipper>: SipperTask CHECKING SIP SENSOR
04/11/25 16:16:42 <Sipper>: SipperTask SIP SENSOR 0 , 0.814
04/11/25 16:16:43 <Sipper>: SipperTask SIP SENSOR SEES SAMPLE, t = 0.568
04/11/25 16:16:49 <RapidFire>: BatchThread: process_well()  ( 7, 8)
04/11/25 16:16:57 <Sipper>: SipperTask CHECKING SIP SENSOR
04/11/25 16:16:57 <Sipper>: SipperTask SIP SENSOR 0 , 0.810
04/11/25 16:16:58 <Sipper>: SipperTask SIP SENSOR SEES SAMPLE, t = 0.584
04/11/25 16:17:04 <RapidFire>: BatchThread: process_well()  ( 5, 4)
04/11/25 16:17:12 <Sipper>: SipperTask CHECKING SIP SENSOR
04/11/25 16:17:13 <Sipper>: SipperTask SIP SENSOR 0 , 0.814
04/11/25 16:17:13 <Sipper>: SipperTask NEVER SAW SIP SENSOR OUTPUT, t = 0.601
04/11/25 16:17:19 <RapidFire>: BatchThread: process_well()  ( 1, 1)
04/11/25 16:17:27 <Sipper>: SipperTask CHECKING SIP SENSOR
04/11/25 16:17:28 <Sipper>: SipperTask SIP SENSOR 0 , 0.815
04/11/25 16:17:28 <Sipper>: SipperTask SIP SENSOR SEES SAMPLE, t = 0.558
04/11/25 16:17:34 <RapidFire>: BatchThread: process_well()  ( 3, 6)
04/11/25 16:17:42 <Sipper>: SipperTask CHECKING SIP SENSOR
04/11/25 16:17:43 <Sipper>: SipperTask SIP SENSOR 0 , 0.812
04/11/25 16:17:44 <Sipper>: SipperTask NEVER SAW SIP SENSOR OUTPUT, t = 0.601
04/11/25 16:17:49 <RapidFire>: BatchThread: process_well()  ( 7, 12)
04/11/25 16:17:57 <Sipper>: SipperTask CHECKING SIP SENSOR
04/11/25 16:17:58 <Sipper>: SipperTask SIP SENSOR 0 , 0.812
04/11/25 16:17:59 <Sipper>: SipperTask SIP SENSOR SEES SAMPLE, t = 0.569
04/11/25 16:18:05 <RapidFire>: BatchThread: process_well()  ( 1000, 3)
04/11/25 16:18:13 <Sipper>: SipperTask CHECKING SIP SENSOR
04/11/25 16:18:14 <Sipper>: SipperTask SIP SENSOR 0 , 1.155
04/11/25 16:18:14 <Sipper>: SipperTask SIP SENSOR SEES SAMPLE, t = 0.402
04/11/25 16:18:20 <RapidFire>: BatchThread: process_well()  ( 1000, 2)
04/11/25 16:18:28 <Sipper>: SipperTask CHECKING SIP SENSOR
04/11/25 16:18:29 <Sipper>: SipperTask SIP SENSOR 0 , 1.173
04/11/25 16:18:30 <Sipper>: SipperTask SIP SENSOR SEES SAMPLE, t = 0.392
04/11/25 16:18:36 <RapidFire>: BatchThread: process_well()  ( 1000, 2)
04/11/25 16:18:43 <Sipper>: SipperTask CHECKING SIP SENSOR
04/11/25 16:18:45 <Sipper>: SipperTask SIP SENSOR 0 , 1.169
04/11/25 16:18:45 <Sipper>: SipperTask SIP SENSOR SEES SAMPLE, t = 0.478
04/11/25 16:18:51 <RapidFire>: BatchThread: process_well()  ( 1000, 2)
04/11/25 16:18:59 <Sipper>: SipperTask CHECKING SIP SENSOR
04/11/25 16:19:00 <Sipper>: SipperTask SIP SENSOR 0 , 1.170
04/11/25 16:19:00 <Sipper>: SipperTask SIP SENSOR SEES SAMPLE, t = 0.446
04/11/25 16:19:07 <RapidFire>: BatchThread: process_well()  ( 1000, 2)
04/11/25 16:19:14 <Sipper>: SipperTask CHECKING SIP SENSOR
04/11/25 16:19:15 <Sipper>: SipperTask SIP SENSOR 0 , 1.166
04/11/25 16:19:16 <Sipper>: SipperTask SIP SENSOR SEES SAMPLE, t = 0.487
04/11/25 16:19:22 <RapidFire>: BatchThread: process_well()  ( 1000, 3)
04/11/25 16:19:30 <Sipper>: SipperTask CHECKING SIP SENSOR
04/11/25 16:19:31 <Sipper>: SipperTask SIP SENSOR 0 , 1.143
04/11/25 16:19:31 <Sipper>: SipperTask SIP SENSOR SEES SAMPLE, t = 0.354
04/11/25 16:19:37 <RapidFire>: BatchThread: process_well()  ( 1000, 3)
04/11/25 16:19:45 <Sipper>: SipperTask CHECKING SIP SENSOR
04/11/25 16:19:46 <Sipper>: SipperTask SIP SENSOR 0 , 1.143
04/11/25 16:19:47 <Sipper>: SipperTask SIP SENSOR SEES SAMPLE, t = 0.377
04/11/25 16:19:53 <RapidFire>: BatchThread: process_well()  ( 6, 8)
04/11/25 16:20:00 <Sipper>: SipperTask CHECKING SIP SENSOR
04/11/25 16:20:01 <Sipper>: SipperTask SIP SENSOR 0 , 0.813
04/11/25 16:20:02 <Sipper>: SipperTask SIP SENSOR SEES SAMPLE, t = 0.599
04/11/25 16:20:07 <RapidFire>: BatchThread: process_well()  ( 6, 3)
04/11/25 16:20:16 <Sipper>: SipperTask CHECKING SIP SENSOR
04/11/25 16:20:16 <Sipper>: SipperTask SIP SENSOR 0 , 0.807
04/11/25 16:20:17 <Sipper>: SipperTask NEVER SAW SIP SENSOR OUTPUT, t = 0.601
04/11/25 16:20:23 <RapidFire>: BatchThread: process_well()  ( 4, 4)
04/11/25 16:20:31 <Sipper>: SipperTask CHECKING SIP SENSOR
04/11/25 16:20:32 <Sipper>: SipperTask SIP SENSOR 0 , 0.814
04/11/25 16:20:32 <Sipper>: SipperTask NEVER SAW SIP SENSOR OUTPUT, t = 0.600
04/11/25 16:20:38 <RapidFire>: BatchThread: process_well()  ( 2, 2)
04/11/25 16:20:46 <Sipper>: SipperTask CHECKING SIP SENSOR
04/11/25 16:20:47 <Sipper>: SipperTask SIP SENSOR 0 , 0.816
04/11/25 16:20:47 <Sipper>: SipperTask SIP SENSOR SEES SAMPLE, t = 0.568
04/11/25 16:20:53 <RapidFire>: BatchThread: process_well()  ( 3, 3)
04/11/25 16:21:01 <Sipper>: SipperTask CHECKING SIP SENSOR
04/11/25 16:21:02 <Sipper>: SipperTask SIP SENSOR 0 , 0.813
04/11/25 16:21:02 <Sipper>: SipperTask SIP SENSOR SEES SAMPLE, t = 0.554
04/11/25 16:21:08 <RapidFire>: BatchThread: process_well()  ( 4, 5)
04/11/25 16:21:16 <Sipper>: SipperTask CHECKING SIP SENSOR
04/11/25 16:21:17 <Sipper>: SipperTask SIP SENSOR 0 , 0.816
04/11/25 16:21:18 <Sipper>: SipperTask NEVER SAW SIP SENSOR OUTPUT, t = 0.601
04/11/25 16:21:23 <RapidFire>: BatchThread: process_well()  ( 1000, 3)
04/11/25 16:21:32 <Sipper>: SipperTask CHECKING SIP SENSOR
04/11/25 16:21:33 <Sipper>: SipperTask SIP SENSOR 0 , 1.141
04/11/25 16:21:33 <Sipper>: SipperTask SIP SENSOR SEES SAMPLE, t = 0.466
04/11/25 16:21:39 <RapidFire>: BatchThread: process_well()  ( 1000, 2)
04/11/25 16:21:47 <Sipper>: SipperTask CHECKING SIP SENSOR
04/11/25 16:21:48 <Sipper>: SipperTask SIP SENSOR 0 , 1.170
04/11/25 16:21:49 <Sipper>: SipperTask SIP SENSOR SEES SAMPLE, t = 0.427
04/11/25 16:21:55 <RapidFire>: BatchThread: process_well()  ( 1000, 2)
04/11/25 16:22:02 <Sipper>: SipperTask CHECKING SIP SENSOR
04/11/25 16:22:03 <Sipper>: SipperTask SIP SENSOR 0 , 1.173
04/11/25 16:22:04 <Sipper>: SipperTask SIP SENSOR SEES SAMPLE, t = 0.414
04/11/25 16:22:10 <RapidFire>: BatchThread: process_well()  ( 1000, 2)
04/11/25 16:22:18 <Sipper>: SipperTask CHECKING SIP SENSOR
04/11/25 16:22:19 <Sipper>: SipperTask SIP SENSOR 0 , 1.169
04/11/25 16:22:19 <Sipper>: SipperTask SIP SENSOR SEES SAMPLE, t = 0.490
04/11/25 16:22:26 <RapidFire>: BatchThread: process_well()  ( 1000, 2)
04/11/25 16:22:33 <Sipper>: SipperTask CHECKING SIP SENSOR
04/11/25 16:22:34 <Sipper>: SipperTask SIP SENSOR 0 , 1.174
04/11/25 16:22:35 <Sipper>: SipperTask SIP SENSOR SEES SAMPLE, t = 0.449
04/11/25 16:22:41 <RapidFire>: BatchThread: process_well()  ( 1000, 3)
04/11/25 16:22:49 <Sipper>: SipperTask CHECKING SIP SENSOR
04/11/25 16:22:50 <Sipper>: SipperTask SIP SENSOR 0 , 1.157
04/11/25 16:22:50 <Sipper>: SipperTask SIP SENSOR SEES SAMPLE, t = 0.449
04/11/25 16:22:56 <RapidFire>: BatchThread: process_well()  ( 1000, 3)
04/11/25 16:23:04 <Sipper>: SipperTask CHECKING SIP SENSOR
04/11/25 16:23:05 <Sipper>: SipperTask SIP SENSOR 0 , 1.142
04/11/25 16:23:06 <Sipper>: SipperTask SIP SENSOR SEES SAMPLE, t = 0.430
04/11/25 16:23:12 <RapidFire>: BatchThread: process_well()  ( 6, 1)
04/11/25 16:23:19 <Sipper>: SipperTask CHECKING SIP SENSOR
04/11/25 16:23:20 <Sipper>: SipperTask SIP SENSOR 0 , 0.809
04/11/25 16:23:21 <Sipper>: SipperTask SIP SENSOR SEES SAMPLE, t = 0.594
04/11/25 16:23:27 <RapidFire>: BatchThread: process_well()  ( 7, 11)
04/11/25 16:23:35 <Sipper>: SipperTask CHECKING SIP SENSOR
04/11/25 16:23:35 <Sipper>: SipperTask SIP SENSOR 0 , 0.809
04/11/25 16:23:36 <Sipper>: SipperTask NEVER SAW SIP SENSOR OUTPUT, t = 0.601
04/11/25 16:23:42 <RapidFire>: BatchThread: process_well()  ( 5, 1)
04/11/25 16:23:50 <Sipper>: SipperTask CHECKING SIP SENSOR
04/11/25 16:23:51 <Sipper>: SipperTask SIP SENSOR 0 , 0.813
04/11/25 16:23:51 <Sipper>: SipperTask SIP SENSOR SEES SAMPLE, t = 0.569
04/11/25 16:23:57 <RapidFire>: BatchThread: process_well()  ( 7, 9)
04/11/25 16:24:05 <Sipper>: SipperTask CHECKING SIP SENSOR
04/11/25 16:24:06 <Sipper>: SipperTask SIP SENSOR 0 , 0.811
04/11/25 16:24:06 <Sipper>: SipperTask NEVER SAW SIP SENSOR OUTPUT, t = 0.602
04/11/25 16:24:12 <RapidFire>: BatchThread: process_well()  ( 6, 10)
04/11/25 16:24:20 <Sipper>: SipperTask CHECKING SIP SENSOR
04/11/25 16:24:21 <Sipper>: SipperTask SIP SENSOR 0 , 0.813
04/11/25 16:24:22 <Sipper>: SipperTask NEVER SAW SIP SENSOR OUTPUT, t = 0.601
04/11/25 16:24:27 <RapidFire>: BatchThread: process_well()  ( 2, 9)
04/11/25 16:24:35 <Sipper>: SipperTask CHECKING SIP SENSOR
04/11/25 16:24:36 <Sipper>: SipperTask SIP SENSOR 0 , 0.812
04/11/25 16:24:37 <Sipper>: SipperTask SIP SENSOR SEES SAMPLE, t = 0.550
04/11/25 16:24:42 <RapidFire>: BatchThread: process_well()  ( 1000, 3)
04/11/25 16:24:50 <Sipper>: SipperTask CHECKING SIP SENSOR
04/11/25 16:24:52 <Sipper>: SipperTask SIP SENSOR 0 , 1.156
04/11/25 16:24:52 <Sipper>: SipperTask SIP SENSOR SEES SAMPLE, t = 0.457
04/11/25 16:24:58 <RapidFire>: BatchThread: process_well()  ( 1000, 2)
04/11/25 16:25:06 <Sipper>: SipperTask CHECKING SIP SENSOR
04/11/25 16:25:07 <Sipper>: SipperTask SIP SENSOR 0 , 1.172
04/11/25 16:25:08 <Sipper>: SipperTask SIP SENSOR SEES SAMPLE, t = 0.438
04/11/25 16:25:14 <RapidFire>: BatchThread: process_well()  ( 1000, 2)
04/11/25 16:25:21 <Sipper>: SipperTask CHECKING SIP SENSOR
04/11/25 16:25:23 <Sipper>: SipperTask SIP SENSOR 0 , 1.169
04/11/25 16:25:23 <Sipper>: SipperTask SIP SENSOR SEES SAMPLE, t = 0.466
04/11/25 16:25:29 <RapidFire>: BatchThread: process_well()  ( 1000, 2)
04/11/25 16:25:37 <Sipper>: SipperTask CHECKING SIP SENSOR
04/11/25 16:25:38 <Sipper>: SipperTask SIP SENSOR 0 , 1.167
04/11/25 16:25:38 <Sipper>: SipperTask SIP SENSOR SEES SAMPLE, t = 0.433
04/11/25 16:25:45 <RapidFire>: BatchThread: process_well()  ( 1000, 2)
04/11/25 16:25:52 <Sipper>: SipperTask CHECKING SIP SENSOR
04/11/25 16:25:53 <Sipper>: SipperTask SIP SENSOR 0 , 1.171
04/11/25 16:25:54 <Sipper>: SipperTask SIP SENSOR SEES SAMPLE, t = 0.449
04/11/25 16:26:00 <RapidFire>: BatchThread: process_well()  ( 1000, 3)
04/11/25 16:26:08 <Sipper>: SipperTask CHECKING SIP SENSOR
04/11/25 16:26:09 <Sipper>: SipperTask SIP SENSOR 0 , 1.138
04/11/25 16:26:09 <Sipper>: SipperTask SIP SENSOR SEES SAMPLE, t = 0.411
04/11/25 16:26:15 <RapidFire>: BatchThread: process_well()  ( 1000, 3)
04/11/25 16:26:23 <Sipper>: SipperTask CHECKING SIP SENSOR
04/11/25 16:26:24 <Sipper>: SipperTask SIP SENSOR 0 , 1.154
04/11/25 16:26:25 <Sipper>: SipperTask SIP SENSOR SEES SAMPLE, t = 0.438
04/11/25 16:26:31 <RapidFire>: BatchThread: process_well()  ( 4, 9)
04/11/25 16:26:38 <Sipper>: SipperTask CHECKING SIP SENSOR
04/11/25 16:26:39 <Sipper>: SipperTask SIP SENSOR 0 , 0.813
04/11/25 16:26:40 <Sipper>: SipperTask SIP SENSOR SEES SAMPLE, t = 0.576
04/11/25 16:26:45 <RapidFire>: BatchThread: process_well()  ( 3, 9)
04/11/25 16:26:54 <Sipper>: SipperTask CHECKING SIP SENSOR
04/11/25 16:26:54 <Sipper>: SipperTask SIP SENSOR 0 , 0.811
04/11/25 16:26:55 <Sipper>: SipperTask NEVER SAW SIP SENSOR OUTPUT, t = 0.602
04/11/25 16:27:01 <RapidFire>: BatchThread: process_well()  ( 1, 3)
04/11/25 16:27:09 <Sipper>: SipperTask CHECKING SIP SENSOR
04/11/25 16:27:10 <Sipper>: SipperTask SIP SENSOR 0 , 0.816
04/11/25 16:27:10 <Sipper>: SipperTask NEVER SAW SIP SENSOR OUTPUT, t = 0.602
04/11/25 16:27:16 <RapidFire>: BatchThread: process_well()  ( 7, 4)
04/11/25 16:27:24 <Sipper>: SipperTask CHECKING SIP SENSOR
04/11/25 16:27:25 <Sipper>: SipperTask SIP SENSOR 0 , 0.810
04/11/25 16:27:25 <Sipper>: SipperTask NEVER SAW SIP SENSOR OUTPUT, t = 0.600
04/11/25 16:27:31 <RapidFire>: BatchThread: process_well()  ( 1, 5)
04/11/25 16:27:39 <Sipper>: SipperTask CHECKING SIP SENSOR
04/11/25 16:27:40 <Sipper>: SipperTask SIP SENSOR 0 , 0.812
04/11/25 16:27:41 <Sipper>: SipperTask SIP SENSOR SEES SAMPLE, t = 0.573
04/11/25 16:27:46 <RapidFire>: BatchThread: process_well()  ( 5, 7)
04/11/25 16:27:54 <Sipper>: SipperTask CHECKING SIP SENSOR
04/11/25 16:27:55 <Sipper>: SipperTask SIP SENSOR 0 , 0.812
04/11/25 16:27:56 <Sipper>: SipperTask NEVER SAW SIP SENSOR OUTPUT, t = 0.600
04/11/25 16:28:02 <RapidFire>: BatchThread: process_well()  ( 1000, 3)
04/11/25 16:28:10 <Sipper>: SipperTask CHECKING SIP SENSOR
04/11/25 16:28:11 <Sipper>: SipperTask SIP SENSOR 0 , 1.138
04/11/25 16:28:11 <Sipper>: SipperTask SIP SENSOR SEES SAMPLE, t = 0.385
04/11/25 16:28:17 <RapidFire>: BatchThread: process_well()  ( 1000, 2)
04/11/25 16:28:25 <Sipper>: SipperTask CHECKING SIP SENSOR
04/11/25 16:28:26 <Sipper>: SipperTask SIP SENSOR 0 , 1.172
04/11/25 16:28:27 <Sipper>: SipperTask SIP SENSOR SEES SAMPLE, t = 0.367
04/11/25 16:28:33 <RapidFire>: BatchThread: process_well()  ( 1000, 2)
04/11/25 16:28:40 <Sipper>: SipperTask CHECKING SIP SENSOR
04/11/25 16:28:42 <Sipper>: SipperTask SIP SENSOR 0 , 1.176
04/11/25 16:28:42 <Sipper>: SipperTask SIP SENSOR SEES SAMPLE, t = 0.441
04/11/25 16:28:48 <RapidFire>: BatchThread: process_well()  ( 1000, 2)
04/11/25 16:28:56 <Sipper>: SipperTask CHECKING SIP SENSOR
04/11/25 16:28:57 <Sipper>: SipperTask SIP SENSOR 0 , 1.172
04/11/25 16:28:57 <Sipper>: SipperTask SIP SENSOR SEES SAMPLE, t = 0.416
04/11/25 16:29:04 <RapidFire>: BatchThread: process_well()  ( 1000, 2)
04/11/25 16:29:11 <Sipper>: SipperTask CHECKING SIP SENSOR
04/11/25 16:29:12 <Sipper>: SipperTask SIP SENSOR 0 , 1.167
04/11/25 16:29:13 <Sipper>: SipperTask SIP SENSOR SEES SAMPLE, t = 0.381
04/11/25 16:29:19 <RapidFire>: BatchThread: process_well()  ( 1000, 3)
04/11/25 16:29:27 <Sipper>: SipperTask CHECKING SIP SENSOR
04/11/25 16:29:28 <Sipper>: SipperTask SIP SENSOR 0 , 1.157
04/11/25 16:29:28 <Sipper>: SipperTask SIP SENSOR SEES SAMPLE, t = 0.333
04/11/25 16:29:34 <RapidFire>: BatchThread: process_well()  ( 1000, 3)
04/11/25 16:29:42 <Sipper>: SipperTask CHECKING SIP SENSOR
04/11/25 16:29:43 <Sipper>: SipperTask SIP SENSOR 0 , 1.145
04/11/25 16:29:43 <Sipper>: SipperTask SIP SENSOR SEES SAMPLE, t = 0.400
04/11/25 16:29:49 <RapidFire>: BatchThread: process_well()  ( 6, 12)
04/11/25 16:29:57 <Sipper>: SipperTask CHECKING SIP SENSOR
04/11/25 16:29:58 <Sipper>: SipperTask SIP SENSOR 0 , 0.810
04/11/25 16:29:59 <Sipper>: SipperTask SIP SENSOR SEES SAMPLE, t = 0.572
04/11/25 16:30:04 <RapidFire>: BatchThread: process_well()  ( 4, 7)
04/11/25 16:30:12 <Sipper>: SipperTask CHECKING SIP SENSOR
04/11/25 16:30:13 <Sipper>: SipperTask SIP SENSOR 0 , 0.815
04/11/25 16:30:14 <Sipper>: SipperTask SIP SENSOR SEES SAMPLE, t = 0.533
04/11/25 16:30:19 <RapidFire>: BatchThread: process_well()  ( 8, 8)
04/11/25 16:30:28 <Sipper>: SipperTask CHECKING SIP SENSOR
04/11/25 16:30:28 <Sipper>: SipperTask SIP SENSOR 0 , 0.809
04/11/25 16:30:29 <Sipper>: SipperTask SIP SENSOR SEES SAMPLE, t = 0.554
04/11/25 16:30:35 <RapidFire>: BatchThread: process_well()  ( 8, 5)
04/11/25 16:30:43 <Sipper>: SipperTask CHECKING SIP SENSOR
04/11/25 16:30:43 <Sipper>: SipperTask SIP SENSOR 0 , 0.809
04/11/25 16:30:44 <Sipper>: SipperTask NEVER SAW SIP SENSOR OUTPUT, t = 0.600
04/11/25 16:30:50 <RapidFire>: BatchThread: process_well()  ( 4, 12)
04/11/25 16:30:58 <Sipper>: SipperTask CHECKING SIP SENSOR
04/11/25 16:30:59 <Sipper>: SipperTask SIP SENSOR 0 , 0.812
04/11/25 16:30:59 <Sipper>: SipperTask NEVER SAW SIP SENSOR OUTPUT, t = 0.602
04/11/25 16:31:05 <RapidFire>: BatchThread: process_well()  ( 1, 7)
04/11/25 16:31:13 <Sipper>: SipperTask CHECKING SIP SENSOR
04/11/25 16:31:14 <Sipper>: SipperTask SIP SENSOR 0 , 0.808
04/11/25 16:31:15 <Sipper>: SipperTask NEVER SAW SIP SENSOR OUTPUT, t = 0.602
04/11/25 16:31:20 <RapidFire>: BatchThread: process_well()  ( 1000, 3)
04/11/25 16:31:28 <Sipper>: SipperTask CHECKING SIP SENSOR
04/11/25 16:31:29 <Sipper>: SipperTask SIP SENSOR 0 , 1.146
04/11/25 16:31:30 <Sipper>: SipperTask SIP SENSOR SEES SAMPLE, t = 0.411
04/11/25 16:31:36 <RapidFire>: BatchThread: process_well()  ( 1000, 2)
04/11/25 16:31:44 <Sipper>: SipperTask CHECKING SIP SENSOR
04/11/25 16:31:45 <Sipper>: SipperTask SIP SENSOR 0 , 1.157
04/11/25 16:31:45 <Sipper>: SipperTask SIP SENSOR SEES SAMPLE, t = 0.443
04/11/25 16:31:52 <RapidFire>: BatchThread: process_well()  ( 1000, 2)
04/11/25 16:31:59 <Sipper>: SipperTask CHECKING SIP SENSOR
04/11/25 16:32:00 <Sipper>: SipperTask SIP SENSOR 0 , 1.158
04/11/25 16:32:01 <Sipper>: SipperTask SIP SENSOR SEES SAMPLE, t = 0.452
04/11/25 16:32:07 <RapidFire>: BatchThread: process_well()  ( 1000, 2)
04/11/25 16:32:14 <Sipper>: SipperTask CHECKING SIP SENSOR
04/11/25 16:32:16 <Sipper>: SipperTask SIP SENSOR 0 , 1.170
04/11/25 16:32:16 <Sipper>: SipperTask SIP SENSOR SEES SAMPLE, t = 0.432
04/11/25 16:32:22 <RapidFire>: BatchThread: process_well()  ( 1000, 2)
04/11/25 16:32:30 <Sipper>: SipperTask CHECKING SIP SENSOR
04/11/25 16:32:31 <Sipper>: SipperTask SIP SENSOR 0 , 1.170
04/11/25 16:32:32 <Sipper>: SipperTask SIP SENSOR SEES SAMPLE, t = 0.490
04/11/25 16:32:38 <RapidFire>: BatchThread: process_well()  ( 1000, 3)
04/11/25 16:32:45 <Sipper>: SipperTask CHECKING SIP SENSOR
04/11/25 16:32:47 <Sipper>: SipperTask SIP SENSOR 0 , 1.155
04/11/25 16:32:47 <Sipper>: SipperTask SIP SENSOR SEES SAMPLE, t = 0.454
04/11/25 16:32:53 <RapidFire>: BatchThread: process_well()  ( 1000, 3)
04/11/25 16:33:01 <Sipper>: SipperTask CHECKING SIP SENSOR
04/11/25 16:33:02 <Sipper>: SipperTask SIP SENSOR 0 , 1.150
04/11/25 16:33:02 <Sipper>: SipperTask SIP SENSOR SEES SAMPLE, t = 0.508
04/11/25 16:33:09 <RapidFire>: BatchThread: process_well()  ( 1, 12)
04/11/25 16:33:16 <Sipper>: SipperTask CHECKING SIP SENSOR
04/11/25 16:33:17 <Sipper>: SipperTask SIP SENSOR 0 , 0.810
04/11/25 16:33:18 <Sipper>: SipperTask SIP SENSOR SEES SAMPLE, t = 0.574
04/11/25 16:33:23 <RapidFire>: BatchThread: process_well()  ( 8, 9)
04/11/25 16:33:31 <Sipper>: SipperTask CHECKING SIP SENSOR
04/11/25 16:33:32 <Sipper>: SipperTask SIP SENSOR 0 , 0.814
04/11/25 16:33:33 <Sipper>: SipperTask NEVER SAW SIP SENSOR OUTPUT, t = 0.600
04/11/25 16:33:39 <RapidFire>: BatchThread: process_well()  ( 6, 5)
04/11/25 16:33:47 <Sipper>: SipperTask CHECKING SIP SENSOR
04/11/25 16:33:47 <Sipper>: SipperTask SIP SENSOR 0 , 0.814
04/11/25 16:33:48 <Sipper>: SipperTask SIP SENSOR SEES SAMPLE, t = 0.556
04/11/25 16:33:54 <RapidFire>: BatchThread: process_well()  ( 4, 10)
04/11/25 16:34:02 <Sipper>: SipperTask CHECKING SIP SENSOR
04/11/25 16:34:03 <Sipper>: SipperTask SIP SENSOR 0 , 0.812
04/11/25 16:34:03 <Sipper>: SipperTask SIP SENSOR SEES SAMPLE, t = 0.531
04/11/25 16:34:09 <RapidFire>: BatchThread: process_well()  ( 5, 6)
04/11/25 16:34:17 <Sipper>: SipperTask CHECKING SIP SENSOR
04/11/25 16:34:18 <Sipper>: SipperTask SIP SENSOR 0 , 0.809
04/11/25 16:34:18 <Sipper>: SipperTask SIP SENSOR SEES SAMPLE, t = 0.572
04/11/25 16:34:24 <RapidFire>: BatchThread: process_well()  ( 6, 11)
04/11/25 16:34:32 <Sipper>: SipperTask CHECKING SIP SENSOR
04/11/25 16:34:33 <Sipper>: SipperTask SIP SENSOR 0 , 0.812
04/11/25 16:34:34 <Sipper>: SipperTask SIP SENSOR SEES SAMPLE, t = 0.552
04/11/25 16:34:39 <RapidFire>: BatchThread: process_well()  ( 1000, 3)
04/11/25 16:34:47 <Sipper>: SipperTask CHECKING SIP SENSOR
04/11/25 16:34:48 <Sipper>: SipperTask SIP SENSOR 0 , 1.140
04/11/25 16:34:49 <Sipper>: SipperTask SIP SENSOR SEES SAMPLE, t = 0.431
04/11/25 16:34:55 <RapidFire>: BatchThread: process_well()  ( 1000, 2)
04/11/25 16:35:03 <Sipper>: SipperTask CHECKING SIP SENSOR
04/11/25 16:35:04 <Sipper>: SipperTask SIP SENSOR 0 , 1.168
04/11/25 16:35:04 <Sipper>: SipperTask SIP SENSOR SEES SAMPLE, t = 0.447
04/11/25 16:35:10 <RapidFire>: BatchThread: process_well()  ( 1000, 2)
04/11/25 16:35:18 <Sipper>: SipperTask CHECKING SIP SENSOR
04/11/25 16:35:19 <Sipper>: SipperTask SIP SENSOR 0 , 1.170
04/11/25 16:35:20 <Sipper>: SipperTask SIP SENSOR SEES SAMPLE, t = 0.440
04/11/25 16:35:26 <RapidFire>: BatchThread: process_well()  ( 1000, 2)
04/11/25 16:35:34 <Sipper>: SipperTask CHECKING SIP SENSOR
04/11/25 16:35:35 <Sipper>: SipperTask SIP SENSOR 0 , 1.172
04/11/25 16:35:35 <Sipper>: SipperTask SIP SENSOR SEES SAMPLE, t = 0.490
04/11/25 16:35:42 <RapidFire>: BatchThread: process_well()  ( 1000, 2)
04/11/25 16:35:49 <Sipper>: SipperTask CHECKING SIP SENSOR
04/11/25 16:35:50 <Sipper>: SipperTask SIP SENSOR 0 , 1.167
04/11/25 16:35:51 <Sipper>: SipperTask SIP SENSOR SEES SAMPLE, t = 0.436
04/11/25 16:35:57 <RapidFire>: BatchThread: process_well()  ( 1000, 3)
04/11/25 16:36:04 <Sipper>: SipperTask CHECKING SIP SENSOR
04/11/25 16:36:06 <Sipper>: SipperTask SIP SENSOR 0 , 1.142
04/11/25 16:36:06 <Sipper>: SipperTask SIP SENSOR SEES SAMPLE, t = 0.501
04/11/25 16:36:12 <RapidFire>: BatchThread: process_well()  ( 1000, 3)
04/11/25 16:36:20 <Sipper>: SipperTask CHECKING SIP SENSOR
04/11/25 16:36:21 <Sipper>: SipperTask SIP SENSOR 0 , 1.151
04/11/25 16:36:22 <Sipper>: SipperTask SIP SENSOR SEES SAMPLE, t = 0.438
04/11/25 16:36:28 <RapidFire>: BatchThread: process_well()  ( 3, 2)
04/11/25 16:36:35 <Sipper>: SipperTask CHECKING SIP SENSOR
04/11/25 16:36:36 <Sipper>: SipperTask SIP SENSOR 0 , 0.806
04/11/25 16:36:37 <Sipper>: SipperTask NEVER SAW SIP SENSOR OUTPUT, t = 0.600
04/11/25 16:36:43 <RapidFire>: BatchThread: process_well()  ( 6, 2)
04/11/25 16:36:51 <Sipper>: SipperTask CHECKING SIP SENSOR
04/11/25 16:36:51 <Sipper>: SipperTask SIP SENSOR 0 , 0.815
04/11/25 16:36:52 <Sipper>: SipperTask NEVER SAW SIP SENSOR OUTPUT, t = 0.601
04/11/25 16:36:58 <RapidFire>: BatchThread: process_well()  ( 1000, 3)
04/11/25 16:37:06 <Sipper>: SipperTask CHECKING SIP SENSOR
04/11/25 16:37:07 <Sipper>: SipperTask SIP SENSOR 0 , 1.155
04/11/25 16:37:07 <Sipper>: SipperTask SIP SENSOR SEES SAMPLE, t = 0.415
04/11/25 16:37:14 <RapidFire>: BatchThread: process_well()  ( 1000, 2)
04/11/25 16:37:21 <Sipper>: SipperTask CHECKING SIP SENSOR
04/11/25 16:37:22 <Sipper>: SipperTask SIP SENSOR 0 , 1.168
04/11/25 16:37:23 <Sipper>: SipperTask SIP SENSOR SEES SAMPLE, t = 0.423
04/11/25 16:37:29 <RapidFire>: BatchThread: process_well()  ( 1000, 2)
04/11/25 16:37:37 <Sipper>: SipperTask CHECKING SIP SENSOR
04/11/25 16:37:38 <Sipper>: SipperTask SIP SENSOR 0 , 1.169
04/11/25 16:37:38 <Sipper>: SipperTask SIP SENSOR SEES SAMPLE, t = 0.499
04/11/25 16:37:45 <RapidFire>: BatchThread: process_well()  ( 1000, 2)
04/11/25 16:37:52 <Sipper>: SipperTask CHECKING SIP SENSOR
04/11/25 16:37:53 <Sipper>: SipperTask SIP SENSOR 0 , 1.170
04/11/25 16:37:54 <Sipper>: SipperTask SIP SENSOR SEES SAMPLE, t = 0.485
04/11/25 16:38:00 <RapidFire>: BatchThread: process_well()  ( 1000, 2)
04/11/25 16:38:08 <Sipper>: SipperTask CHECKING SIP SENSOR
04/11/25 16:38:09 <Sipper>: SipperTask SIP SENSOR 0 , 1.169
04/11/25 16:38:09 <Sipper>: SipperTask SIP SENSOR SEES SAMPLE, t = 0.488
04/11/25 16:38:23 <RapidFire>: BatchThread: START stop_ms_data_acquisition
04/11/25 16:38:43 <RapidFire>: BatchThread: wait_mass_spec: 2 (max wait 120 sec)
04/11/25 16:38:43 <RapidFire>: RFMassHunterS:Task: Run StopWorkList
04/11/25 16:38:43 <RapidFire>: RFMassHunterS:Task: StopWorkListOp stopping worklist
04/11/25 16:38:43 <RapidFire>: RFMassHunterS:Task: NotifyChangedMS loc = REG[ACTUAL].OBJ[1].NDR[RUNSTATE] value = 2
04/11/25 16:38:49 <RapidFire>: RFMassHunterS:Task: OnWorklistJobCompleted
04/11/25 16:38:49 <RapidFire>: RFMassHunterS:Task: OnWorklistRunCompleted
04/11/25 16:38:49 <RapidFire>: RFMassHunterS:Task: Worklist execution result : Aborted
04/11/25 16:38:50 <RapidFire>: RFMassHunterS:Task: AcquisitionStatus changed to IDL (2)
04/11/25 16:38:50 <RapidFire>: BatchThread: END stop_ms_data_acquisition
04/11/25 16:38:50 <RapidFire>: BatchThread: process_batch() :  finished
04/11/25 16:38:50 <Pump1>:turn off Pump1
04/11/25 16:38:50 <Pump2>:turn off Pump2
04/11/25 16:38:50 <Pump3>:turn off Pump3
04/11/25 16:38:50 <Pump4>: turn_on :  pump off
04/11/25 16:38:50 <RapidFire>: BatchThread: stop_everything()  BEGIN
04/11/25 16:38:50 <Pump1>:turn_on : setting on/off = 0
04/11/25 16:38:50 <Pump2>:turn_on : setting on/off = 0
04/11/25 16:38:50 <Pump3>:turn_on : setting on/off = 0
04/11/25 16:38:50 <RapidFire>: BatchThread: Turn Pumps Off
04/11/25 16:38:50 <Pump1>:AgilentPump1200Task :turn off
04/11/25 16:38:50 <RapidFire>: BatchThread: wash valve to normal position
04/11/25 16:38:50 <RFMassHunterC>:got disconnect
04/11/25 16:38:50 <WashValve>: set_position
04/11/25 16:38:50 <RapidFire>: BatchThread: Stop Sipper Motion
04/11/25 16:38:50 <RapidFire>: BatchThread: put all valves in inject position
04/11/25 16:38:50 <RapidFire>: RFMassHunterS:Task: Run Disconnect
04/11/25 16:38:50 <RapidFire>: RFMassHunterS:Task: executing disconnect
04/11/25 16:38:50 <Pump2>:AgilentPump1200Task :turn off
04/11/25 16:38:50 <Pump3>:AgilentPump1200Task :turn off
1 04/11/25 16:38:55 Log file: M:\Projects\Default\Data\Rapidfire/2025/April/11/005/batch.log closed 04/11/25 16:38:55

